Component: ARM Compiler 5.06 update 7 (build 960) Tool: armlink [4d3601]

==============================================================================

Section Cross References

    app.o(i.blink_LED) refers to drivers.o(i.start_LED) for start_LED
    app.o(i.blink_LED) refers to app.o(i.delay) for delay
    app.o(i.blink_LED) refers to drivers.o(i.stop_LED) for stop_LED
    app.o(i.read_character) refers to drivers.o(i.rx_USART) for rx_USART
    app.o(i.send_message) refers to drivers.o(i.tx_USART) for tx_USART
    main.o(i.main) refers to pwm.o(i.start_PWM) for start_PWM
    main.o(i.main) refers to h1_alloc.o(.text) for malloc
    main.o(i.main) refers to drivers.o(i.open_portA) for open_portA
    main.o(i.main) refers to drivers.o(i.open_LED) for open_LED
    main.o(i.main) refers to drivers.o(i.reset_USART) for reset_USART
    main.o(i.main) refers to drivers.o(i.open_USART) for open_USART
    main.o(i.main) refers to app.o(i.delay) for delay
    main.o(i.main) refers to timer_impl.o(i.timer_init) for timer_init
    main.o(i.main) refers to cli.o(i.init_message_CLI) for init_message_CLI
    main.o(i.main) refers to drivers.o(i.rx_ready_USART) for rx_ready_USART
    main.o(i.main) refers to app.o(i.read_character) for read_character
    main.o(i.main) refers to drivers.o(i.tx_USART) for tx_USART
    main.o(i.main) refers to cli.o(i.parser_CLI) for parser_CLI
    main.o(i.main) refers to cli.o(i.carriage_return_CLI) for carriage_return_CLI
    main.o(i.main) refers to cli.o(i.help_CLI) for help_CLI
    main.o(i.main) refers to drivers.o(i.start_LED) for start_LED
    main.o(i.main) refers to drivers.o(i.stop_LED) for stop_LED
    main.o(i.main) refers to cli.o(i.date_and_time_CLI) for date_and_time_CLI
    main.o(i.main) refers to cli.o(i.timer_CLI) for timer_CLI
    main.o(i.main) refers to app.o(i.delete_character) for delete_character
    main.o(i.main) refers to main.o(.data) for buffer_size
    time_opps.o(i.add_random_32) refers to time_opps.o(i.get_random_64bit_number) for get_random_64bit_number
    time_opps.o(i.add_random_32) refers to timer_impl.o(i.timer_start) for timer_start
    time_opps.o(i.add_random_32) refers to timer_impl.o(i.timer_stop) for timer_stop
    time_opps.o(i.add_random_32_AVG) refers to time_opps.o(i.add_random_32) for add_random_32
    time_opps.o(i.add_random_32_AVG) refers to fflt_clz.o(x$fpl$ffltu) for __aeabi_ui2f
    time_opps.o(i.add_random_32_AVG) refers to faddsub_clz.o(x$fpl$fadd) for __aeabi_fadd
    time_opps.o(i.add_random_32_AVG) refers to fdiv.o(x$fpl$fdiv) for __aeabi_fdiv
    time_opps.o(i.add_random_64) refers to time_opps.o(i.get_random_64bit_number) for get_random_64bit_number
    time_opps.o(i.add_random_64) refers to timer_impl.o(i.timer_start) for timer_start
    time_opps.o(i.add_random_64) refers to timer_impl.o(i.timer_stop) for timer_stop
    time_opps.o(i.add_random_64_AVG) refers to time_opps.o(i.add_random_64) for add_random_64
    time_opps.o(i.add_random_64_AVG) refers to fflt_clz.o(x$fpl$ffltu) for __aeabi_ui2f
    time_opps.o(i.add_random_64_AVG) refers to faddsub_clz.o(x$fpl$fadd) for __aeabi_fadd
    time_opps.o(i.add_random_64_AVG) refers to fdiv.o(x$fpl$fdiv) for __aeabi_fdiv
    time_opps.o(i.copy_1024bytes) refers to timer_impl.o(i.timer_start) for timer_start
    time_opps.o(i.copy_1024bytes) refers to rt_memcpy_w.o(.text) for __aeabi_memcpy4
    time_opps.o(i.copy_1024bytes) refers to timer_impl.o(i.timer_stop) for timer_stop
    time_opps.o(i.copy_1024bytes_AVG) refers to time_opps.o(i.copy_1024bytes) for copy_1024bytes
    time_opps.o(i.copy_1024bytes_AVG) refers to fflt_clz.o(x$fpl$ffltu) for __aeabi_ui2f
    time_opps.o(i.copy_1024bytes_AVG) refers to faddsub_clz.o(x$fpl$fadd) for __aeabi_fadd
    time_opps.o(i.copy_1024bytes_AVG) refers to fdiv.o(x$fpl$fdiv) for __aeabi_fdiv
    time_opps.o(i.copy_128bytes) refers to rt_memcpy_w.o(.text) for __aeabi_memcpy4
    time_opps.o(i.copy_128bytes) refers to timer_impl.o(i.timer_start) for timer_start
    time_opps.o(i.copy_128bytes) refers to timer_impl.o(i.timer_stop) for timer_stop
    time_opps.o(i.copy_128bytes) refers to time_opps.o(.constdata) for .constdata
    time_opps.o(i.copy_128bytes_AVG) refers to time_opps.o(i.copy_128bytes) for copy_128bytes
    time_opps.o(i.copy_128bytes_AVG) refers to fflt_clz.o(x$fpl$ffltu) for __aeabi_ui2f
    time_opps.o(i.copy_128bytes_AVG) refers to faddsub_clz.o(x$fpl$fadd) for __aeabi_fadd
    time_opps.o(i.copy_128bytes_AVG) refers to fdiv.o(x$fpl$fdiv) for __aeabi_fdiv
    time_opps.o(i.copy_8bytes) refers to timer_impl.o(i.timer_start) for timer_start
    time_opps.o(i.copy_8bytes) refers to timer_impl.o(i.timer_stop) for timer_stop
    time_opps.o(i.copy_8bytes) refers to time_opps.o(.constdata) for .constdata
    time_opps.o(i.copy_8bytes_AVG) refers to time_opps.o(i.copy_8bytes) for copy_8bytes
[...]
    .ARM.Collect$$rtentry$$0000000C          0x080001a0   Section        0  __rtentry2.o(.ARM.Collect$$rtentry$$0000000C)
    .ARM.Collect$$rtentry$$0000000D          0x080001a0   Section        8  __rtentry2.o(.ARM.Collect$$rtentry$$0000000D)
    .ARM.Collect$$rtexit$$00000000           0x080001a8   Section        2  rtexit.o(.ARM.Collect$$rtexit$$00000000)
    .ARM.Collect$$rtexit$$00000002           0x080001aa   Section        0  rtexit2.o(.ARM.Collect$$rtexit$$00000002)
    .ARM.Collect$$rtexit$$00000003           0x080001aa   Section        4  rtexit2.o(.ARM.Collect$$rtexit$$00000003)
    .ARM.Collect$$rtexit$$00000004           0x080001ae   Section        6  rtexit2.o(.ARM.Collect$$rtexit$$00000004)
    .emb_text                                0x080001b4   Section        0  maybetermalloc1.o(.emb_text)
    .text                                    0x080001b4   Section       64  startup_stm32f10x_md.o(.text)
    .text                                    0x080001f4   Section        0  h1_alloc.o(.text)
    .text                                    0x08000252   Section      238  lludivv7m.o(.text)
    .text                                    0x08000340   Section        0  noretval__2sprintf.o(.text)
    .text                                    0x08000368   Section        0  __printf.o(.text)
    .text                                    0x080003d0   Section        0  atoi.o(.text)
    .text                                    0x080003ea   Section      100  rt_memcpy_w.o(.text)
    .text                                    0x0800044e   Section        0  heapauxi.o(.text)
    .text                                    0x08000454   Section        8  rt_heap_descriptor_intlibspace.o(.text)
    .text                                    0x0800045c   Section        8  rt_errno_addr_intlibspace.o(.text)
    .text                                    0x08000464   Section        0  hguard.o(.text)
    .text                                    0x08000468   Section        0  init_alloc.o(.text)
    .text                                    0x080004f2   Section        0  h1_init.o(.text)
    .text                                    0x08000500   Section        0  h1_free.o(.text)
    .text                                    0x0800054e   Section        0  _rserrno.o(.text)
    .text                                    0x08000564   Section        0  _printf_fp_dec.o(.text)
    _fp_digits                               0x08000567   Thumb Code   432  _printf_fp_dec.o(.text)
    .text                                    0x08000984   Section        0  _printf_char_common.o(.text)
    _printf_input_char                       0x08000985   Thumb Code    10  _printf_char_common.o(.text)
    .text                                    0x080009b4   Section        0  _sputc.o(.text)
    .text                                    0x080009be   Section        0  strtol.o(.text)
    .text                                    0x08000a30   Section        8  libspace.o(.text)
    .text                                    0x08000a38   Section       16  rt_ctype_table.o(.text)
    .text                                    0x08000a48   Section        8  rt_locale_intlibspace.o(.text)
    .text                                    0x08000a50   Section        0  h1_extend.o(.text)
    .text                                    0x08000a84   Section      138  lludiv10.o(.text)
    .text                                    0x08000b10   Section        0  _printf_fp_infnan.o(.text)
    .text                                    0x08000b90   Section        0  _strtoul.o(.text)
    .text                                    0x08000c30   Section        0  bigflt0.o(.text)
    .text                                    0x08000d14   Section        0  defsig_rtmem_outer.o(.text)
    .text                                    0x08000d22   Section        2  use_no_semi.o(.text)
    .text                                    0x08000d24   Section       74  sys_stackheap_outer.o(.text)
    .text                                    0x08000d24   Section        0  indicate_semi.o(.text)
    .text                                    0x08000d6e   Section        0  _chval.o(.text)
    .text                                    0x08000d8a   Section        0  exit.o(.text)
    .text                                    0x08000d9c   Section        0  defsig_exit.o(.text)
    .text                                    0x08000da8   Section        0  defsig_rtmem_inner.o(.text)
    .text                                    0x08000df8   Section      128  strcmpv7m.o(.text)
    .text                                    0x08000e78   Section        0  sys_exit.o(.text)
    .text                                    0x08000e84   Section        0  defsig_general.o(.text)
    .text                                    0x08000eb6   Section        0  sys_wrch.o(.text)
    CL$$btod_d2e                             0x08000ec4   Section       62  btod.o(CL$$btod_d2e)
    CL$$btod_d2e_denorm_low                  0x08000f02   Section       70  btod.o(CL$$btod_d2e_denorm_low)
    CL$$btod_d2e_norm_op1                    0x08000f48   Section       96  btod.o(CL$$btod_d2e_norm_op1)
    CL$$btod_div_common                      0x08000fa8   Section      824  btod.o(CL$$btod_div_common)
    CL$$btod_e2e                             0x080012e0   Section      220  btod.o(CL$$btod_e2e)
    CL$$btod_ediv                            0x080013bc   Section       42  btod.o(CL$$btod_ediv)
    CL$$btod_emul                            0x080013e6   Section       42  btod.o(CL$$btod_emul)
    CL$$btod_mult_common                     0x08001410   Section      580  btod.o(CL$$btod_mult_common)
    i.DMA1_Channel1_Event                    0x08001654   Section        0  dma_stm32f10x.o(i.DMA1_Channel1_Event)
    i.DMA1_Channel1_IRQHandler               0x08001658   Section        0  dma_stm32f10x.o(i.DMA1_Channel1_IRQHandler)
    i.DMA1_Channel2_Event                    0x08001674   Section        0  dma_stm32f10x.o(i.DMA1_Channel2_Event)
    i.DMA1_Channel2_IRQHandler               0x08001678   Section        0  dma_stm32f10x.o(i.DMA1_Channel2_IRQHandler)
    i.DMA1_Channel3_Event                    0x08001694   Section        0  dma_stm32f10x.o(i.DMA1_Channel3_Event)
    i.DMA1_Channel3_IRQHandler               0x08001698   Section        0  dma_stm32f10x.o(i.DMA1_Channel3_IRQHandler)
    i.DMA1_Channel4_Event                    0x080016b4   Section        0  dma_stm32f10x.o(i.DMA1_Channel4_Event)
    i.DMA1_Channel4_IRQHandler               0x080016b8   Section        0  dma_stm32f10x.o(i.DMA1_Channel4_IRQHandler)
    i.DMA1_Channel5_Event                    0x080016d4   Section        0  dma_stm32f10x.o(i.DMA1_Channel5_Event)
    i.DMA1_Channel5_IRQHandler               0x080016d8   Section        0  dma_stm32f10x.o(i.DMA1_Channel5_IRQHandler)
    i.DMA1_Channel6_Event                    0x080016f4   Section        0  dma_stm32f10x.o(i.DMA1_Channel6_Event)
    i.DMA1_Channel6_IRQHandler               0x080016f8   Section        0  dma_stm32f10x.o(i.DMA1_Channel6_IRQHandler)
    i.DMA1_Channel7_Event                    0x08001714   Section        0  dma_stm32f10x.o(i.DMA1_Channel7_Event)
    i.DMA1_Channel7_IRQHandler               0x08001718   Section        0  dma_stm32f10x.o(i.DMA1_Channel7_IRQHandler)
    i.SetSysClock                            0x08001734   Section        0  system_stm32f10x.o(i.SetSysClock)
    SetSysClock                              0x08001735   Thumb Code     8  system_stm32f10x.o(i.SetSysClock)
    i.SetSysClockTo72                        0x0800173c   Section        0  system_stm32f10x.o(i.SetSysClockTo72)
    SetSysClockTo72                          0x0800173d   Thumb Code   214  system_stm32f10x.o(i.SetSysClockTo72)
    i.SystemInit                             0x0800181c   Section        0  system_stm32f10x.o(i.SystemInit)
    i.__ARM_fpclassify                       0x0800187c   Section        0  fpclassify.o(i.__ARM_fpclassify)
    i.__ieee754_rem_pio2                     0x080018a4   Section        0  rred.o(i.__ieee754_rem_pio2)
    i.__kernel_cos                           0x08001c2c   Section        0  cos_i.o(i.__kernel_cos)
    i.__kernel_poly                          0x08001d28   Section        0  poly.o(i.__kernel_poly)
    i.__kernel_sin                           0x08001dd4   Section        0  sin_i.o(i.__kernel_sin)
    i.__mathlib_dbl_infnan                   0x08001ec0   Section        0  dunder.o(i.__mathlib_dbl_infnan)
    i.__mathlib_dbl_invalid                  0x08001ec6   Section        0  dunder.o(i.__mathlib_dbl_invalid)
    i.__mathlib_dbl_underflow                0x08001ed4   Section        0  dunder.o(i.__mathlib_dbl_underflow)
    i.add_random_32                          0x08001ee4   Section        0  time_opps.o(i.add_random_32)
    i.add_random_32_AVG                      0x08001f20   Section        0  time_opps.o(i.add_random_32_AVG)
    i.add_random_64                          0x08001f54   Section        0  time_opps.o(i.add_random_64)
    i.add_random_64_AVG                      0x08001f94   Section        0  time_opps.o(i.add_random_64_AVG)
    i.carriage_return_CLI                    0x08001fc8   Section        0  cli.o(i.carriage_return_CLI)
    i.clear_buffers                          0x08001ff0   Section        0  app.o(i.clear_buffers)
    i.copy_128bytes                          0x08002008   Section        0  time_opps.o(i.copy_128bytes)
    i.copy_128bytes_AVG                      0x08002040   Section        0  time_opps.o(i.copy_128bytes_AVG)
    i.copy_8bytes                            0x08002074   Section        0  time_opps.o(i.copy_8bytes)
    i.copy_8bytes_AVG                        0x080020a0   Section        0  time_opps.o(i.copy_8bytes_AVG)
    i.cos                                    0x080020d4   Section        0  cos.o(i.cos)
    i.date_and_time_CLI                      0x08002170   Section        0  cli.o(i.date_and_time_CLI)
    i.delay                                  0x080021dc   Section        0  app.o(i.delay)
    i.delete_character                       0x080021ee   Section        0  app.o(i.delete_character)
    i.div_random_32                          0x08002200   Section        0  time_opps.o(i.div_random_32)
    i.div_random_32_AVG                      0x08002248   Section        0  time_opps.o(i.div_random_32_AVG)
    i.div_random_64                          0x0800227c   Section        0  time_opps.o(i.div_random_64)
    i.div_random_64_AVG                      0x080022d0   Section        0  time_opps.o(i.div_random_64_AVG)
    i.get_random_64bit_number                0x08002304   Section        0  time_opps.o(i.get_random_64bit_number)
    i.help_CLI                               0x080023b0   Section        0  cli.o(i.help_CLI)
    i.init_message_CLI                       0x08002588   Section        0  cli.o(i.init_message_CLI)
    i.main                                   0x080025d0   Section        0  main.o(i.main)
    i.mult_random_32                         0x080026bc   Section        0  time_opps.o(i.mult_random_32)
    i.mult_random_32_AVG                     0x080026f8   Section        0  time_opps.o(i.mult_random_32_AVG)
    i.mult_random_64                         0x0800272c   Section        0  time_opps.o(i.mult_random_64)
    i.mult_random_64_AVG                     0x08002774   Section        0  time_opps.o(i.mult_random_64_AVG)
    i.open_LED                               0x080027a8   Section        0  drivers.o(i.open_LED)
    i.open_USART                             0x080027c4   Section        0  drivers.o(i.open_USART)
    i.open_portA                             0x08002858   Section        0  drivers.o(i.open_portA)
    i.parser_CLI                             0x0800286c   Section        0  cli.o(i.parser_CLI)
    i.read_character                         0x08002966   Section        0  app.o(i.read_character)
    i.reset_USART                            0x0800297c   Section        0  drivers.o(i.reset_USART)
    i.rx_USART                               0x08002a0c   Section        0  drivers.o(i.rx_USART)
    i.rx_ready_USART                         0x08002a18   Section        0  drivers.o(i.rx_ready_USART)
    i.seg_cos                                0x08002a30   Section        0  time_trig_ops.o(i.seg_cos)
    i.seg_sin                                0x08002edc   Section        0  time_trig_ops.o(i.seg_sin)
    i.segcos_AVG                             0x08003390   Section        0  time_trig_ops.o(i.segcos_AVG)
    i.segsin_AVG                             0x080033d0   Section        0  time_trig_ops.o(i.segsin_AVG)
    i.send_message                           0x08003410   Section        0  app.o(i.send_message)
    i.send_time                              0x0800342c   Section        0  cli.o(i.send_time)
    i.sin                                    0x08003474   Section        0  sin.o(i.sin)
    i.sqrt                                   0x08003514   Section        0  sqrt.o(i.sqrt)
    i.standard_cos                           0x08003560   Section        0  time_trig_ops.o(i.standard_cos)
    i.standard_cos_AVG                       0x08003598   Section        0  time_trig_ops.o(i.standard_cos_AVG)
    i.standard_sin                           0x080035f8   Section        0  time_trig_ops.o(i.standard_sin)
    i.standard_sin_AVG                       0x08003630   Section        0  time_trig_ops.o(i.standard_sin_AVG)
    i.start_LED                              0x08003690   Section        0  drivers.o(i.start_LED)
    i.start_PWM                              0x080036a4   Section        0  pwm.o(i.start_PWM)
    i.stop_LED                               0x08003738   Section        0  drivers.o(i.stop_LED)
    i.timer_CLI                              0x0800374c   Section        0  cli.o(i.timer_CLI)
    i.timer_init                             0x080039e0   Section        0  timer_impl.o(i.timer_init)
    i.timer_start                            0x08003a08   Section        0  timer_impl.o(i.timer_start)
    i.timer_stop                             0x08003a12   Section        0  timer_impl.o(i.timer_stop)
    i.tx_USART                               0x08003a34   Section        0  drivers.o(i.tx_USART)
    i.tx_ready_USART                         0x08003a50   Section        0  drivers.o(i.tx_ready_USART)
    i.write_dutycycle_PWM                    0x08003a60   Section        0  pwm.o(i.write_dutycycle_PWM)
    locale$$code                             0x08003a80   Section       44  lc_numeric_c.o(locale$$code)
    locale$$code                             0x08003aac   Section       44  lc_ctype_c.o(locale$$code)
    x$fpl$d2f                                0x08003ad8   Section       98  d2f.o(x$fpl$d2f)
    x$fpl$dadd                               0x08003b3c   Section      336  daddsub_clz.o(x$fpl$dadd)
    _dadd1                                   0x08003b4d   Thumb Code     0  daddsub_clz.o(x$fpl$dadd)
    x$fpl$dcheck1                            0x08003c8c   Section       16  dcheck1.o(x$fpl$dcheck1)
    x$fpl$ddiv                               0x08003c9c   Section      688  ddiv.o(x$fpl$ddiv)
    ddiv_entry                               0x08003ca3   Thumb Code     0  ddiv.o(x$fpl$ddiv)
    x$fpl$dfix                               0x08003f4c   Section       94  dfix.o(x$fpl$dfix)
    x$fpl$dflt                               0x08003faa   Section       46  dflt_clz.o(x$fpl$dflt)
    x$fpl$dfltu                              0x08003fd8   Section       38  dflt_clz.o(x$fpl$dfltu)
    x$fpl$dfltull                            0x08004000   Section      138  dfltll_clz.o(x$fpl$dfltull)
    x$fpl$dmul                               0x0800408c   Section      340  dmul.o(x$fpl$dmul)
    x$fpl$dnaninf                            0x080041e0   Section      156  dnaninf.o(x$fpl$dnaninf)
    x$fpl$dretinf                            0x0800427c   Section       12  dretinf.o(x$fpl$dretinf)
    x$fpl$drsb                               0x08004288   Section       22  daddsub_clz.o(x$fpl$drsb)
    x$fpl$dsqrt                              0x080042a0   Section      460  dsqrt_noumaal.o(x$fpl$dsqrt)
    x$fpl$dsub                               0x0800446c   Section      468  daddsub_clz.o(x$fpl$dsub)
    _dsub1                                   0x0800447d   Thumb Code     0  daddsub_clz.o(x$fpl$dsub)
    x$fpl$f2d                                0x08004640   Section       86  f2d.o(x$fpl$f2d)
    x$fpl$fadd                               0x08004698   Section      196  faddsub_clz.o(x$fpl$fadd)
    _fadd1                                   0x080046a7   Thumb Code     0  faddsub_clz.o(x$fpl$fadd)
    x$fpl$fdiv                               0x0800475c   Section      388  fdiv.o(x$fpl$fdiv)
    _fdiv1                                   0x0800475d   Thumb Code     0  fdiv.o(x$fpl$fdiv)
    x$fpl$ffix                               0x080048e0   Section       54  ffix.o(x$fpl$ffix)
    x$fpl$ffixu                              0x08004918   Section       62  ffixu.o(x$fpl$ffixu)
    x$fpl$fflt                               0x08004958   Section       48  fflt_clz.o(x$fpl$fflt)
    x$fpl$ffltu                              0x08004988   Section       38  fflt_clz.o(x$fpl$ffltu)
    x$fpl$fmul                               0x080049b0   Section      258  fmul.o(x$fpl$fmul)
    x$fpl$fnaninf                            0x08004ab2   Section      140  fnaninf.o(x$fpl$fnaninf)
    x$fpl$fretinf                            0x08004b3e   Section       10  fretinf.o(x$fpl$fretinf)
    x$fpl$fsub                               0x08004b48   Section      234  faddsub_clz.o(x$fpl$fsub)
    _fsub1                                   0x08004b57   Thumb Code     0  faddsub_clz.o(x$fpl$fsub)
    x$fpl$printf1                            0x08004c32   Section        4  printf1.o(x$fpl$printf1)
    x$fpl$retnan                             0x08004c36   Section      100  retnan.o(x$fpl$retnan)
    x$fpl$scalbn                             0x08004c9a   Section       92  scalbn.o(x$fpl$scalbn)
    x$fpl$trapveneer                         0x08004cf6   Section       48  trapv.o(x$fpl$trapveneer)
    x$fpl$usenofp                            0x08004d26   Section        0  usenofp.o(x$fpl$usenofp)
    .constdata                               0x08004d28   Section      136  time_opps.o(.constdata)
    .constdata                               0x08004db0   Section       48  cos_i.o(.constdata)
    C                                        0x08004db0   Data          48  cos_i.o(.constdata)
    .constdata                               0x08004de0   Section      200  rred.o(.constdata)
    pio2s                                    0x08004de0   Data          48  rred.o(.constdata)
    twooverpi                                0x08004e10   Data         152  rred.o(.constdata)
    .constdata                               0x08004ea8   Section       40  sin_i.o(.constdata)
    S                                        0x08004ea8   Data          40  sin_i.o(.constdata)
    .constdata                               0x08004ed0   Section      148  bigflt0.o(.constdata)
    tenpwrs_x                                0x08004ed0   Data          60  bigflt0.o(.constdata)
    tenpwrs_i                                0x08004f0c   Data          64  bigflt0.o(.constdata)
    locale$$data                             0x08004f84   Section       28  lc_numeric_c.o(locale$$data)
    __lcnum_c_name                           0x08004f88   Data           2  lc_numeric_c.o(locale$$data)
    __lcnum_c_start                          0x08004f90   Data           0  lc_numeric_c.o(locale$$data)
    __lcnum_c_point                          0x08004f9c   Data           0  lc_numeric_c.o(locale$$data)
    __lcnum_c_thousands                      0x08004f9e   Data           0  lc_numeric_c.o(locale$$data)
    __lcnum_c_grouping                       0x08004f9f   Data           0  lc_numeric_c.o(locale$$data)
    locale$$data                             0x08004fa0   Section      272  lc_ctype_c.o(locale$$data)
    __lcnum_c_end                            0x08004fa0   Data           0  lc_numeric_c.o(locale$$data)
    __lcctype_c_name                         0x08004fa4   Data           2  lc_ctype_c.o(locale$$data)
    __lcctype_c_start                        0x08004fac   Data           0  lc_ctype_c.o(locale$$data)
    __lcctype_c_end                          0x080050b0   Data           0  lc_ctype_c.o(locale$$data)
    .data                                    0x20000000   Section        2  main.o(.data)
    .bss                                     0x20000004   Section       96  libspace.o(.bss)
    HEAP                                     0x20000068   Section      512  startup_stm32f10x_md.o(HEAP)
    Heap_Mem                                 0x20000068   Data         512  startup_stm32f10x_md.o(HEAP)
    STACK                                    0x20000268   Section     1024  startup_stm32f10x_md.o(STACK)
    Stack_Mem                                0x20000268   Data        1024  startup_stm32f10x_md.o(STACK)
    __initial_sp                             0x20000668   Data           0  startup_stm32f10x_md.o(STACK)

    Global Symbols

    Symbol Name                              Value     Ov Type        Size  Object(Section)

    BuildAttributes$$THM_ISAv4$P$D$K$B$S$PE$A:L22UL41UL21$X:L11$S22US41US21$IEEE1$IW$USESV6$~STKCKD$USESV7$~SHL$OTIME$ROPI$IEEEX$EBA8$UX$STANDARDLIB$REQ8$PRES8$EABIv2 0x00000000   Number         0  anon$$obj.o ABSOLUTE
    __ARM_use_no_argv                        0x00000000   Number         0  main.o ABSOLUTE
    __ARM_exceptions_init                     - Undefined Weak Reference
    __alloca_initialize                       - Undefined Weak Reference
    __arm_fini_                               - Undefined Weak Reference
    __arm_preinit_                            - Undefined Weak Reference
    __cpp_initialize__aeabi_                  - Undefined Weak Reference
    __cxa_finalize                            - Undefined Weak Reference
    __sigvec_lookup                           - Undefined Weak Reference
    __user_heap_extent                        - Undefined Weak Reference
    _atexit_init                              - Undefined Weak Reference
    _call_atexit_fns                          - Undefined Weak Reference
    _clock_init                               - Undefined Weak Reference
    _fp_trap_init                             - Undefined Weak Reference
    _fp_trap_shutdown                         - Undefined Weak Reference
    _get_lc_collate                           - Undefined Weak Reference
    _get_lc_monetary                          - Undefined Weak Reference
    _get_lc_time                              - Undefined Weak Reference
    _getenv_init                              - Undefined Weak Reference
    _handle_redirection                       - Undefined Weak Reference
    _initio                                   - Undefined Weak Reference
    _mutex_acquire                            - Undefined Weak Reference
    _mutex_free                               - Undefined Weak Reference
    _mutex_release                            - Undefined Weak Reference
    _printf_post_padding                      - Undefined Weak Reference
    _printf_pre_padding                       - Undefined Weak Reference
    _rand_init                                - Undefined Weak Reference
    _signal_finish                            - Undefined Weak Reference
    _signal_init                              - Undefined Weak Reference
    _terminateio                              - Undefined Weak Reference
    __Vectors_Size                           0x000000ec   Number         0  startup_stm32f10x_md.o ABSOLUTE
    __Vectors                                0x08000000   Data           4  startup_stm32f10x_md.o(RESET)
    __Vectors_End                            0x080000ec   Data           0  startup_stm32f10x_md.o(RESET)
    __main                                   0x080000ed   Thumb Code     8  __main.o(!!!main)
    __scatterload                            0x080000f5   Thumb Code     0  __scatter.o(!!!scatter)
    __scatterload_rt2                        0x080000f5   Thumb Code    44  __scatter.o(!!!scatter)
    __scatterload_rt2_thumb_only             0x080000f5   Thumb Code     0  __scatter.o(!!!scatter)
    __scatterload_null                       0x08000103   Thumb Code     0  __scatter.o(!!!scatter)
    __scatterload_copy                       0x08000129   Thumb Code    26  __scatter_copy.o(!!handler_copy)
    __scatterload_zeroinit                   0x08000145   Thumb Code    28  __scatter_zi.o(!!handler_zi)
    _printf_f                                0x08000161   Thumb Code     0  _printf_f.o(.ARM.Collect$$_printf_percent$$00000003)
    _printf_percent                          0x08000161   Thumb Code     0  _printf_percent.o(.ARM.Collect$$_printf_percent$$00000000)
    _printf_percent_end                      0x08000167   Thumb Code     0  _printf_percent_end.o(.ARM.Collect$$_printf_percent$$00000017)
    __rt_lib_init                            0x0800016b   Thumb Code     0  libinit.o(.ARM.Collect$$libinit$$00000000)
    __rt_lib_init_fp_1                       0x0800016d   Thumb Code     0  libinit2.o(.ARM.Collect$$libinit$$00000002)
    __rt_lib_init_heap_2                     0x0800016d   Thumb Code     0  libinit2.o(.ARM.Collect$$libinit$$00000005)
    __rt_lib_init_preinit_1                  0x0800016d   Thumb Code     0  libinit2.o(.ARM.Collect$$libinit$$00000004)
    __rt_lib_init_heap_1                     0x08000175   Thumb Code     0  libinit2.o(.ARM.Collect$$libinit$$0000000A)
    __rt_lib_init_lc_common                  0x08000175   Thumb Code     0  libinit2.o(.ARM.Collect$$libinit$$0000000F)
    __rt_lib_init_rand_1                     0x08000175   Thumb Code     0  libinit2.o(.ARM.Collect$$libinit$$0000000E)
    __rt_lib_init_user_alloc_1               0x08000175   Thumb Code     0  libinit2.o(.ARM.Collect$$libinit$$0000000C)
    __rt_lib_init_lc_collate_1               0x0800017b   Thumb Code     0  libinit2.o(.ARM.Collect$$libinit$$00000011)
    __rt_lib_init_lc_ctype_2                 0x0800017b   Thumb Code     0  libinit2.o(.ARM.Collect$$libinit$$00000012)
    __rt_lib_init_lc_ctype_1                 0x08000187   Thumb Code     0  libinit2.o(.ARM.Collect$$libinit$$00000013)
    __rt_lib_init_lc_monetary_1              0x08000187   Thumb Code     0  libinit2.o(.ARM.Collect$$libinit$$00000015)
    __rt_lib_init_lc_numeric_2               0x08000187   Thumb Code     0  libinit2.o(.ARM.Collect$$libinit$$00000016)
    __rt_lib_init_alloca_1                   0x08000191   Thumb Code     0  libinit2.o(.ARM.Collect$$libinit$$0000002E)
    __rt_lib_init_argv_1                     0x08000191   Thumb Code     0  libinit2.o(.ARM.Collect$$libinit$$0000002C)
    __rt_lib_init_atexit_1                   0x08000191   Thumb Code     0  libinit2.o(.ARM.Collect$$libinit$$0000001B)
    __rt_lib_init_clock_1                    0x08000191   Thumb Code     0  libinit2.o(.ARM.Collect$$libinit$$00000021)
    __rt_lib_init_cpp_1                      0x08000191   Thumb Code     0  libinit2.o(.ARM.Collect$$libinit$$00000032)
    __rt_lib_init_exceptions_1               0x08000191   Thumb Code     0  libinit2.o(.ARM.Collect$$libinit$$00000030)
    __rt_lib_init_fp_trap_1                  0x08000191   Thumb Code     0  libinit2.o(.ARM.Collect$$libinit$$0000001F)
    __rt_lib_init_getenv_1                   0x08000191   Thumb Code     0  libinit2.o(.ARM.Collect$$libinit$$00000023)
    __rt_lib_init_lc_numeric_1               0x08000191   Thumb Code     0  libinit2.o(.ARM.Collect$$libinit$$00000017)
    __rt_lib_init_lc_time_1                  0x08000191   Thumb Code     0  libinit2.o(.ARM.Collect$$libinit$$00000019)
    __rt_lib_init_return                     0x08000191   Thumb Code     0  libinit2.o(.ARM.Collect$$libinit$$00000033)
    __rt_lib_init_signal_1                   0x08000191   Thumb Code     0  libinit2.o(.ARM.Collect$$libinit$$0000001D)
    __rt_lib_init_stdio_1                    0x08000191   Thumb Code     0  libinit2.o(.ARM.Collect$$libinit$$00000025)
    __rt_lib_shutdown                        0x08000193   Thumb Code     0  libshutdown.o(.ARM.Collect$$libshutdown$$00000000)
    __rt_lib_shutdown_cpp_1                  0x08000195   Thumb Code     0  libshutdown2.o(.ARM.Collect$$libshutdown$$00000004)
    __rt_lib_shutdown_fini_1                 0x08000195   Thumb Code     0  libshutdown2.o(.ARM.Collect$$libshutdown$$00000002)
    __rt_lib_shutdown_fp_trap_1              0x08000195   Thumb Code     0  libshutdown2.o(.ARM.Collect$$libshutdown$$00000009)
    __rt_lib_shutdown_heap_1                 0x08000195   Thumb Code     0  libshutdown2.o(.ARM.Collect$$libshutdown$$00000011)
    __rt_lib_shutdown_return                 0x08000195   Thumb Code     0  libshutdown2.o(.ARM.Collect$$libshutdown$$00000012)
    __rt_lib_shutdown_signal_1               0x08000195   Thumb Code     0  libshutdown2.o(.ARM.Collect$$libshutdown$$0000000C)
    __rt_lib_shutdown_stdio_1                0x08000195   Thumb Code     0  libshutdown2.o(.ARM.Collect$$libshutdown$$00000006)
    __rt_lib_shutdown_user_alloc_1           0x08000195   Thumb Code     0  libshutdown2.o(.ARM.Collect$$libshutdown$$0000000E)
    __rt_entry                               0x08000197   Thumb Code     0  __rtentry.o(.ARM.Collect$$rtentry$$00000000)
    __rt_entry_presh_1                       0x08000197   Thumb Code     0  __rtentry2.o(.ARM.Collect$$rtentry$$00000002)
    __rt_entry_sh                            0x08000197   Thumb Code     0  __rtentry4.o(.ARM.Collect$$rtentry$$00000004)
    __rt_entry_li                            0x0800019d   Thumb Code     0  __rtentry2.o(.ARM.Collect$$rtentry$$0000000A)
    __rt_entry_postsh_1                      0x0800019d   Thumb Code     0  __rtentry2.o(.ARM.Collect$$rtentry$$00000009)
    __rt_entry_main                          0x080001a1   Thumb Code     0  __rtentry2.o(.ARM.Collect$$rtentry$$0000000D)
    __rt_entry_postli_1                      0x080001a1   Thumb Code     0  __rtentry2.o(.ARM.Collect$$rtentry$$0000000C)
    __rt_exit                                0x080001a9   Thumb Code     0  rtexit.o(.ARM.Collect$$rtexit$$00000000)
    __rt_exit_ls                             0x080001ab   Thumb Code     0  rtexit2.o(.ARM.Collect$$rtexit$$00000003)
    __rt_exit_prels_1                        0x080001ab   Thumb Code     0  rtexit2.o(.ARM.Collect$$rtexit$$00000002)
    __rt_exit_exit                           0x080001af   Thumb Code     0  rtexit2.o(.ARM.Collect$$rtexit$$00000004)
    Reset_Handler                            0x080001b5   Thumb Code     8  startup_stm32f10x_md.o(.text)
    _maybe_terminate_alloc                   0x080001b5   Thumb Code     0  maybetermalloc1.o(.emb_text)
    NMI_Handler                              0x080001bd   Thumb Code     2  startup_stm32f10x_md.o(.text)
    HardFault_Handler                        0x080001bf   Thumb Code     2  startup_stm32f10x_md.o(.text)
    MemManage_Handler                        0x080001c1   Thumb Code     2  startup_stm32f10x_md.o(.text)
    BusFault_Handler                         0x080001c3   Thumb Code     2  startup_stm32f10x_md.o(.text)
    UsageFault_Handler                       0x080001c5   Thumb Code     2  startup_stm32f10x_md.o(.text)
    SVC_Handler                              0x080001c7   Thumb Code     2  startup_stm32f10x_md.o(.text)
    DebugMon_Handler                         0x080001c9   Thumb Code     2  startup_stm32f10x_md.o(.text)
    PendSV_Handler                           0x080001cb   Thumb Code     2  startup_stm32f10x_md.o(.text)
    SysTick_Handler                          0x080001cd   Thumb Code     2  startup_stm32f10x_md.o(.text)
    ADC1_2_IRQHandler                        0x080001cf   Thumb Code     0  startup_stm32f10x_md.o(.text)
    CAN1_RX1_IRQHandler                      0x080001cf   Thumb Code     0  startup_stm32f10x_md.o(.text)
    CAN1_SCE_IRQHandler                      0x080001cf   Thumb Code     0  startup_stm32f10x_md.o(.text)
    EXTI0_IRQHandler                         0x080001cf   Thumb Code     0  startup_stm32f10x_md.o(.text)
    EXTI15_10_IRQHandler                     0x080001cf   Thumb Code     0  startup_stm32f10x_md.o(.text)
    EXTI1_IRQHandler                         0x080001cf   Thumb Code     0  startup_stm32f10x_md.o(.text)
    EXTI2_IRQHandler                         0x080001cf   Thumb Code     0  startup_stm32f10x_md.o(.text)
    EXTI3_IRQHandler                         0x080001cf   Thumb Code     0  startup_stm32f10x_md.o(.text)
    EXTI4_IRQHandler                         0x080001cf   Thumb Code     0  startup_stm32f10x_md.o(.text)
    EXTI9_5_IRQHandler                       0x080001cf   Thumb Code     0  startup_stm32f10x_md.o(.text)
    FLASH_IRQHandler                         0x080001cf   Thumb Code     0  startup_stm32f10x_md.o(.text)
    I2C1_ER_IRQHandler                       0x080001cf   Thumb Code     0  startup_stm32f10x_md.o(.text)
    I2C1_EV_IRQHandler                       0x080001cf   Thumb Code     0  startup_stm32f10x_md.o(.text)
    I2C2_ER_IRQHandler                       0x080001cf   Thumb Code     0  startup_stm32f10x_md.o(.text)
    I2C2_EV_IRQHandler                       0x080001cf   Thumb Code     0  startup_stm32f10x_md.o(.text)
    PVD_IRQHandler                           0x080001cf   Thumb Code     0  startup_stm32f10x_md.o(.text)
    RCC_IRQHandler                           0x080001cf   Thumb Code     0  startup_stm32f10x_md.o(.text)
    RTCAlarm_IRQHandler                      0x080001cf   Thumb Code     0  startup_stm32f10x_md.o(.text)
    RTC_IRQHandler                           0x080001cf   Thumb Code     0  startup_stm32f10x_md.o(.text)
    SPI1_IRQHandler                          0x080001cf   Thumb Code     0  startup_stm32f10x_md.o(.text)
    SPI2_IRQHandler                          0x080001cf   Thumb Code     0  startup_stm32f10x_md.o(.text)
    TAMPER_IRQHandler                        0x080001cf   Thumb Code     0  startup_stm32f10x_md.o(.text)
    TIM1_BRK_IRQHandler                      0x080001cf   Thumb Code     0  startup_stm32f10x_md.o(.text)
    TIM1_CC_IRQHandler                       0x080001cf   Thumb Code     0  startup_stm32f10x_md.o(.text)
    TIM1_TRG_COM_IRQHandler                  0x080001cf   Thumb Code     0  startup_stm32f10x_md.o(.text)
    TIM1_UP_IRQHandler                       0x080001cf   Thumb Code     0  startup_stm32f10x_md.o(.text)
    TIM2_IRQHandler                          0x080001cf   Thumb Code     0  startup_stm32f10x_md.o(.text)
    TIM3_IRQHandler                          0x080001cf   Thumb Code     0  startup_stm32f10x_md.o(.text)
    TIM4_IRQHandler                          0x080001cf   Thumb Code     0  startup_stm32f10x_md.o(.text)
    USART1_IRQHandler                        0x080001cf   Thumb Code     0  startup_stm32f10x_md.o(.text)
    USART2_IRQHandler                        0x080001cf   Thumb Code     0  startup_stm32f10x_md.o(.text)
    USART3_IRQHandler                        0x080001cf   Thumb Code     0  startup_stm32f10x_md.o(.text)
    USBWakeUp_IRQHandler                     0x080001cf   Thumb Code     0  startup_stm32f10x_md.o(.text)
    USB_HP_CAN1_TX_IRQHandler                0x080001cf   Thumb Code     0  startup_stm32f10x_md.o(.text)
    USB_LP_CAN1_RX0_IRQHandler               0x080001cf   Thumb Code     0  startup_stm32f10x_md.o(.text)
    WWDG_IRQHandler                          0x080001cf   Thumb Code     0  startup_stm32f10x_md.o(.text)
    __user_initial_stackheap                 0x080001d1   Thumb Code     0  startup_stm32f10x_md.o(.text)
    malloc                                   0x080001f5   Thumb Code    94  h1_alloc.o(.text)
    __aeabi_uldivmod                         0x08000253   Thumb Code     0  lludivv7m.o(.text)
    _ll_udiv                                 0x08000253   Thumb Code   238  lludivv7m.o(.text)
    __2sprintf                               0x08000341   Thumb Code    34  noretval__2sprintf.o(.text)
    __printf                                 0x08000369   Thumb Code   104  __printf.o(.text)
    atoi                                     0x080003d1   Thumb Code    26  atoi.o(.text)
    __aeabi_memcpy4                          0x080003eb   Thumb Code     0  rt_memcpy_w.o(.text)
    __aeabi_memcpy8                          0x080003eb   Thumb Code     0  rt_memcpy_w.o(.text)
    __rt_memcpy_w                            0x080003eb   Thumb Code   100  rt_memcpy_w.o(.text)
    _memcpy_lastbytes_aligned                0x08000433   Thumb Code     0  rt_memcpy_w.o(.text)
    __use_two_region_memory                  0x0800044f   Thumb Code     2  heapauxi.o(.text)
    __rt_heap_escrow                         0x08000451   Thumb Code     2  heapauxi.o(.text)
    __rt_heap_expand                         0x08000453   Thumb Code     2  heapauxi.o(.text)
    __rt_heap_descriptor                     0x08000455   Thumb Code     8  rt_heap_descriptor_intlibspace.o(.text)
    __aeabi_errno_addr                       0x0800045d   Thumb Code     8  rt_errno_addr_intlibspace.o(.text)
    __errno$intlibspace                      0x0800045d   Thumb Code     0  rt_errno_addr_intlibspace.o(.text)
    __rt_errno_addr$intlibspace              0x0800045d   Thumb Code     0  rt_errno_addr_intlibspace.o(.text)
    __use_no_heap                            0x08000465   Thumb Code     2  hguard.o(.text)
    __heap$guard                             0x08000467   Thumb Code     2  hguard.o(.text)
    _terminate_user_alloc                    0x08000469   Thumb Code     2  init_alloc.o(.text)
    _init_user_alloc                         0x0800046b   Thumb Code     2  init_alloc.o(.text)
    __Heap_Full                              0x0800046d   Thumb Code    34  init_alloc.o(.text)
    __Heap_Broken                            0x0800048f   Thumb Code     6  init_alloc.o(.text)
    _init_alloc                              0x08000495   Thumb Code    94  init_alloc.o(.text)
    __Heap_Initialize                        0x080004f3   Thumb Code    10  h1_init.o(.text)
    __Heap_DescSize                          0x080004fd   Thumb Code     4  h1_init.o(.text)
    free                                     0x08000501   Thumb Code    78  h1_free.o(.text)
    __read_errno                             0x0800054f   Thumb Code    10  _rserrno.o(.text)
    __set_errno                              0x08000559   Thumb Code    12  _rserrno.o(.text)
    __lib_sel_fp_printf                      0x08000565   Thumb Code     2  _printf_fp_dec.o(.text)
    _printf_fp_dec_real                      0x08000717   Thumb Code   620  _printf_fp_dec.o(.text)
    _printf_char_common                      0x0800098f   Thumb Code    32  _printf_char_common.o(.text)
    _sputc                                   0x080009b5   Thumb Code    10  _sputc.o(.text)
    strtol                                   0x080009bf   Thumb Code   112  strtol.o(.text)
    __user_libspace                          0x08000a31   Thumb Code     8  libspace.o(.text)
    __user_perproc_libspace                  0x08000a31   Thumb Code     0  libspace.o(.text)
    __user_perthread_libspace                0x08000a31   Thumb Code     0  libspace.o(.text)
    __rt_ctype_table                         0x08000a39   Thumb Code    16  rt_ctype_table.o(.text)
    __rt_locale                              0x08000a49   Thumb Code     8  rt_locale_intlibspace.o(.text)
    __Heap_ProvideMemory                     0x08000a51   Thumb Code    52  h1_extend.o(.text)
    _ll_udiv10                               0x08000a85   Thumb Code   138  lludiv10.o(.text)
    _printf_fp_infnan                        0x08000b11   Thumb Code   112  _printf_fp_infnan.o(.text)
    _strtoul                                 0x08000b91   Thumb Code   158  _strtoul.o(.text)
    _btod_etento                             0x08000c31   Thumb Code   224  bigflt0.o(.text)
    __rt_SIGRTMEM                            0x08000d15   Thumb Code    14  defsig_rtmem_outer.o(.text)
    __I$use$semihosting                      0x08000d23   Thumb Code     0  use_no_semi.o(.text)
    __use_no_semihosting_swi                 0x08000d23   Thumb Code     2  use_no_semi.o(.text)
    __semihosting_library_function           0x08000d25   Thumb Code     0  indicate_semi.o(.text)
    __user_setup_stackheap                   0x08000d25   Thumb Code    74  sys_stackheap_outer.o(.text)
    _chval                                   0x08000d6f   Thumb Code    28  _chval.o(.text)
    exit                                     0x08000d8b   Thumb Code    18  exit.o(.text)
    __sig_exit                               0x08000d9d   Thumb Code    10  defsig_exit.o(.text)
    __rt_SIGRTMEM_inner                      0x08000da9   Thumb Code    22  defsig_rtmem_inner.o(.text)
    strcmp                                   0x08000df9   Thumb Code   128  strcmpv7m.o(.text)
    _sys_exit                                0x08000e79   Thumb Code     8  sys_exit.o(.text)
    __default_signal_display                 0x08000e85   Thumb Code    50  defsig_general.o(.text)
    _ttywrch                                 0x08000eb7   Thumb Code    14  sys_wrch.o(.text)
    _btod_d2e                                0x08000ec5   Thumb Code    62  btod.o(CL$$btod_d2e)
    _d2e_denorm_low                          0x08000f03   Thumb Code    70  btod.o(CL$$btod_d2e_denorm_low)
    _d2e_norm_op1                            0x08000f49   Thumb Code    96  btod.o(CL$$btod_d2e_norm_op1)
    __btod_div_common                        0x08000fa9   Thumb Code   696  btod.o(CL$$btod_div_common)
    _e2e                                     0x080012e1   Thumb Code   220  btod.o(CL$$btod_e2e)
    _btod_ediv                               0x080013bd   Thumb Code    42  btod.o(CL$$btod_ediv)
    _btod_emul                               0x080013e7   Thumb Code    42  btod.o(CL$$btod_emul)
    __btod_mult_common                       0x08001411   Thumb Code   580  btod.o(CL$$btod_mult_common)
    DMA1_Channel1_Event                      0x08001655   Thumb Code     2  dma_stm32f10x.o(i.DMA1_Channel1_Event)
    DMA1_Channel1_IRQHandler                 0x08001659   Thumb Code    22  dma_stm32f10x.o(i.DMA1_Channel1_IRQHandler)
    DMA1_Channel2_Event                      0x08001675   Thumb Code     2  dma_stm32f10x.o(i.DMA1_Channel2_Event)
    DMA1_Channel2_IRQHandler                 0x08001679   Thumb Code    24  dma_stm32f10x.o(i.DMA1_Channel2_IRQHandler)
    DMA1_Channel3_Event                      0x08001695   Thumb Code     2  dma_stm32f10x.o(i.DMA1_Channel3_Event)
    DMA1_Channel3_IRQHandler                 0x08001699   Thumb Code    24  dma_stm32f10x.o(i.DMA1_Channel3_IRQHandler)
    DMA1_Channel4_Event                      0x080016b5   Thumb Code     2  dma_stm32f10x.o(i.DMA1_Channel4_Event)
    DMA1_Channel4_IRQHandler                 0x080016b9   Thumb Code    24  dma_stm32f10x.o(i.DMA1_Channel4_IRQHandler)
    DMA1_Channel5_Event                      0x080016d5   Thumb Code     2  dma_stm32f10x.o(i.DMA1_Channel5_Event)
    DMA1_Channel5_IRQHandler                 0x080016d9   Thumb Code    24  dma_stm32f10x.o(i.DMA1_Channel5_IRQHandler)
    DMA1_Channel6_Event                      0x080016f5   Thumb Code     2  dma_stm32f10x.o(i.DMA1_Channel6_Event)
    DMA1_Channel6_IRQHandler                 0x080016f9   Thumb Code    24  dma_stm32f10x.o(i.DMA1_Channel6_IRQHandler)
    DMA1_Channel7_Event                      0x08001715   Thumb Code     2  dma_stm32f10x.o(i.DMA1_Channel7_Event)
    DMA1_Channel7_IRQHandler                 0x08001719   Thumb Code    24  dma_stm32f10x.o(i.DMA1_Channel7_IRQHandler)
    SystemInit                               0x0800181d   Thumb Code    78  system_stm32f10x.o(i.SystemInit)
    __ARM_fpclassify                         0x0800187d   Thumb Code    40  fpclassify.o(i.__ARM_fpclassify)
    __ieee754_rem_pio2                       0x080018a5   Thumb Code   828  rred.o(i.__ieee754_rem_pio2)
    __kernel_cos                             0x08001c2d   Thumb Code   230  cos_i.o(i.__kernel_cos)
    __kernel_poly                            0x08001d29   Thumb Code   170  poly.o(i.__kernel_poly)
    __kernel_sin                             0x08001dd5   Thumb Code   224  sin_i.o(i.__kernel_sin)
    __mathlib_dbl_infnan                     0x08001ec1   Thumb Code     6  dunder.o(i.__mathlib_dbl_infnan)
    __mathlib_dbl_invalid                    0x08001ec7   Thumb Code    12  dunder.o(i.__mathlib_dbl_invalid)
    __mathlib_dbl_underflow                  0x08001ed5   Thumb Code    10  dunder.o(i.__mathlib_dbl_underflow)
    add_random_32                            0x08001ee5   Thumb Code    60  time_opps.o(i.add_random_32)
    add_random_32_AVG                        0x08001f21   Thumb Code    48  time_opps.o(i.add_random_32_AVG)
    add_random_64                            0x08001f55   Thumb Code    62  time_opps.o(i.add_random_64)
    add_random_64_AVG                        0x08001f95   Thumb Code    48  time_opps.o(i.add_random_64_AVG)
    carriage_return_CLI                      0x08001fc9   Thumb Code    40  cli.o(i.carriage_return_CLI)
    clear_buffers                            0x08001ff1   Thumb Code    22  app.o(i.clear_buffers)
    copy_128bytes                            0x08002009   Thumb Code    52  time_opps.o(i.copy_128bytes)
    copy_128bytes_AVG                        0x08002041   Thumb Code    48  time_opps.o(i.copy_128bytes_AVG)
    copy_8bytes                              0x08002075   Thumb Code    40  time_opps.o(i.copy_8bytes)
    copy_8bytes_AVG                          0x080020a1   Thumb Code    48  time_opps.o(i.copy_8bytes_AVG)
    cos                                      0x080020d5   Thumb Code   148  cos.o(i.cos)
    date_and_time_CLI                        0x08002171   Thumb Code    74  cli.o(i.date_and_time_CLI)
    delay                                    0x080021dd   Thumb Code    18  app.o(i.delay)
    delete_character                         0x080021ef   Thumb Code    18  app.o(i.delete_character)
    div_random_32                            0x08002201   Thumb Code    72  time_opps.o(i.div_random_32)
    div_random_32_AVG                        0x08002249   Thumb Code    48  time_opps.o(i.div_random_32_AVG)
    div_random_64                            0x0800227d   Thumb Code    82  time_opps.o(i.div_random_64)
    div_random_64_AVG                        0x080022d1   Thumb Code    48  time_opps.o(i.div_random_64_AVG)
    get_random_64bit_number                  0x08002305   Thumb Code   156  time_opps.o(i.get_random_64bit_number)
    help_CLI                                 0x080023b1   Thumb Code   152  cli.o(i.help_CLI)
    init_message_CLI                         0x08002589   Thumb Code    26  cli.o(i.init_message_CLI)
    main                                     0x080025d1   Thumb Code   226  main.o(i.main)
    mult_random_32                           0x080026bd   Thumb Code    60  time_opps.o(i.mult_random_32)
    mult_random_32_AVG                       0x080026f9   Thumb Code    48  time_opps.o(i.mult_random_32_AVG)
    mult_random_64                           0x0800272d   Thumb Code    72  time_opps.o(i.mult_random_64)
    mult_random_64_AVG                       0x08002775   Thumb Code    48  time_opps.o(i.mult_random_64_AVG)
    open_LED                                 0x080027a9   Thumb Code    24  drivers.o(i.open_LED)
    open_USART                               0x080027c5   Thumb Code   136  drivers.o(i.open_USART)
    open_portA                               0x08002859   Thumb Code    14  drivers.o(i.open_portA)
    parser_CLI                               0x0800286d   Thumb Code   250  cli.o(i.parser_CLI)
    read_character                           0x08002967   Thumb Code    20  app.o(i.read_character)
    reset_USART                              0x0800297d   Thumb Code   132  drivers.o(i.reset_USART)
    rx_USART                                 0x08002a0d   Thumb Code     8  drivers.o(i.rx_USART)
    rx_ready_USART                           0x08002a19   Thumb Code    18  drivers.o(i.rx_ready_USART)
    seg_cos                                  0x08002a31   Thumb Code  1190  time_trig_ops.o(i.seg_cos)
    seg_sin                                  0x08002edd   Thumb Code  1200  time_trig_ops.o(i.seg_sin)
    segcos_AVG                               0x08003391   Thumb Code    58  time_trig_ops.o(i.segcos_AVG)
    segsin_AVG                               0x080033d1   Thumb Code    58  time_trig_ops.o(i.segsin_AVG)
    send_message                             0x08003411   Thumb Code    28  app.o(i.send_message)
    send_time                                0x0800342d   Thumb Code    56  cli.o(i.send_time)
    sin                                      0x08003475   Thumb Code   150  sin.o(i.sin)
    sqrt                                     0x08003515   Thumb Code    76  sqrt.o(i.sqrt)
    standard_cos                             0x08003561   Thumb Code    54  time_trig_ops.o(i.standard_cos)
    standard_cos_AVG                         0x08003599   Thumb Code    84  time_trig_ops.o(i.standard_cos_AVG)
    standard_sin                             0x080035f9   Thumb Code    54  time_trig_ops.o(i.standard_sin)
    standard_sin_AVG                         0x08003631   Thumb Code    84  time_trig_ops.o(i.standard_sin_AVG)
    start_LED                                0x08003691   Thumb Code    14  drivers.o(i.start_LED)
    start_PWM                                0x080036a5   Thumb Code   136  pwm.o(i.start_PWM)
    stop_LED                                 0x08003739   Thumb Code    14  drivers.o(i.stop_LED)
    timer_CLI                                0x0800374d   Thumb Code   490  cli.o(i.timer_CLI)
    timer_init                               0x080039e1   Thumb Code    36  timer_impl.o(i.timer_init)
    timer_start                              0x08003a09   Thumb Code    10  timer_impl.o(i.timer_start)
    timer_stop                               0x08003a13   Thumb Code    32  timer_impl.o(i.timer_stop)
    tx_USART                                 0x08003a35   Thumb Code    22  drivers.o(i.tx_USART)
    tx_ready_USART                           0x08003a51   Thumb Code    10  drivers.o(i.tx_ready_USART)
    write_dutycycle_PWM                      0x08003a61   Thumb Code    26  pwm.o(i.write_dutycycle_PWM)
    _get_lc_numeric                          0x08003a81   Thumb Code    44  lc_numeric_c.o(locale$$code)
    _get_lc_ctype                            0x08003aad   Thumb Code    44  lc_ctype_c.o(locale$$code)
    __aeabi_d2f                              0x08003ad9   Thumb Code     0  d2f.o(x$fpl$d2f)
    _d2f                                     0x08003ad9   Thumb Code    98  d2f.o(x$fpl$d2f)
    __aeabi_dadd                             0x08003b3d   Thumb Code     0  daddsub_clz.o(x$fpl$dadd)
    _dadd                                    0x08003b3d   Thumb Code   332  daddsub_clz.o(x$fpl$dadd)
    __fpl_dcheck_NaN1                        0x08003c8d   Thumb Code    10  dcheck1.o(x$fpl$dcheck1)
    __aeabi_ddiv                             0x08003c9d   Thumb Code     0  ddiv.o(x$fpl$ddiv)
    _ddiv                                    0x08003c9d   Thumb Code   552  ddiv.o(x$fpl$ddiv)
    __aeabi_d2iz                             0x08003f4d   Thumb Code     0  dfix.o(x$fpl$dfix)
    _dfix                                    0x08003f4d   Thumb Code    94  dfix.o(x$fpl$dfix)
    __aeabi_i2d                              0x08003fab   Thumb Code     0  dflt_clz.o(x$fpl$dflt)
    _dflt                                    0x08003fab   Thumb Code    46  dflt_clz.o(x$fpl$dflt)
    __aeabi_ui2d                             0x08003fd9   Thumb Code     0  dflt_clz.o(x$fpl$dfltu)
    _dfltu                                   0x08003fd9   Thumb Code    38  dflt_clz.o(x$fpl$dfltu)
    __aeabi_ul2d                             0x08004001   Thumb Code     0  dfltll_clz.o(x$fpl$dfltull)
    _ll_uto_d                                0x08004001   Thumb Code   138  dfltll_clz.o(x$fpl$dfltull)
    __aeabi_dmul                             0x0800408d   Thumb Code     0  dmul.o(x$fpl$dmul)
    _dmul                                    0x0800408d   Thumb Code   332  dmul.o(x$fpl$dmul)
    __fpl_dnaninf                            0x080041e1   Thumb Code   156  dnaninf.o(x$fpl$dnaninf)
    __fpl_dretinf                            0x0800427d   Thumb Code    12  dretinf.o(x$fpl$dretinf)
    __aeabi_drsub                            0x08004289   Thumb Code     0  daddsub_clz.o(x$fpl$drsb)
    _drsb                                    0x08004289   Thumb Code    22  daddsub_clz.o(x$fpl$drsb)
    _dsqrt                                   0x080042a1   Thumb Code   456  dsqrt_noumaal.o(x$fpl$dsqrt)
    __aeabi_dsub                             0x0800446d   Thumb Code     0  daddsub_clz.o(x$fpl$dsub)
    _dsub                                    0x0800446d   Thumb Code   464  daddsub_clz.o(x$fpl$dsub)
    __aeabi_f2d                              0x08004641   Thumb Code     0  f2d.o(x$fpl$f2d)
    _f2d                                     0x08004641   Thumb Code    86  f2d.o(x$fpl$f2d)
    __aeabi_fadd                             0x08004699   Thumb Code     0  faddsub_clz.o(x$fpl$fadd)
    _fadd                                    0x08004699   Thumb Code   196  faddsub_clz.o(x$fpl$fadd)
    __aeabi_fdiv                             0x0800475d   Thumb Code     0  fdiv.o(x$fpl$fdiv)
    _fdiv                                    0x0800475d   Thumb Code   384  fdiv.o(x$fpl$fdiv)
    __aeabi_f2iz                             0x080048e1   Thumb Code     0  ffix.o(x$fpl$ffix)
    _ffix                                    0x080048e1   Thumb Code    54  ffix.o(x$fpl$ffix)
    __aeabi_f2uiz                            0x08004919   Thumb Code     0  ffixu.o(x$fpl$ffixu)
    _ffixu                                   0x08004919   Thumb Code    62  ffixu.o(x$fpl$ffixu)
    __aeabi_i2f                              0x08004959   Thumb Code     0  fflt_clz.o(x$fpl$fflt)
    _fflt                                    0x08004959   Thumb Code    48  fflt_clz.o(x$fpl$fflt)
    __aeabi_ui2f                             0x08004989   Thumb Code     0  fflt_clz.o(x$fpl$ffltu)
    _ffltu                                   0x08004989   Thumb Code    38  fflt_clz.o(x$fpl$ffltu)
    __aeabi_fmul                             0x080049b1   Thumb Code     0  fmul.o(x$fpl$fmul)
    _fmul                                    0x080049b1   Thumb Code   258  fmul.o(x$fpl$fmul)
    __fpl_fnaninf                            0x08004ab3   Thumb Code   140  fnaninf.o(x$fpl$fnaninf)
    __fpl_fretinf                            0x08004b3f   Thumb Code    10  fretinf.o(x$fpl$fretinf)
    __aeabi_fsub                             0x08004b49   Thumb Code     0  faddsub_clz.o(x$fpl$fsub)
    _fsub                                    0x08004b49   Thumb Code   234  faddsub_clz.o(x$fpl$fsub)
    _printf_fp_dec                           0x08004c33   Thumb Code     4  printf1.o(x$fpl$printf1)
    __fpl_return_NaN                         0x08004c37   Thumb Code   100  retnan.o(x$fpl$retnan)
    __ARM_scalbn                             0x08004c9b   Thumb Code    92  scalbn.o(x$fpl$scalbn)
    __fpl_cmpreturn                          0x08004cf7   Thumb Code    48  trapv.o(x$fpl$trapveneer)
    __I$use$fp                               0x08004d26   Number         0  usenofp.o(x$fpl$usenofp)
    Region$$Table$$Base                      0x08004f64   Number         0  anon$$obj.o(Region$$Table)
    Region$$Table$$Limit                     0x08004f84   Number         0  anon$$obj.o(Region$$Table)
    __ctype                                  0x08004fad   Data           0  lc_ctype_c.o(locale$$data)
    buffer_size                              0x20000000   Data           1  main.o(.data)
    cursor                                   0x20000001   Data           1  main.o(.data)
    __libspace_start                         0x20000004   Data          96  libspace.o(.bss)
    __temporary_stack_top$libspace           0x20000064   Data           0  libspace.o(.bss)



==============================================================================

Memory Map of the image

  Image Entry point : 0x080001b5

  Load Region LR_1 (Base: 0x08000000, Size: 0x000050b4, Max: 0xffffffff, ABSOLUTE)

    Execution Region ER_RO (Exec base: 0x08000000, Load base: 0x08000000, Size: 0x000050b0, Max: 0xffffffff, ABSOLUTE)

    Exec Addr    Load Addr    Size         Type   Attr      Idx    E Section Name        Object

    0x08000000   0x08000000   0x000000ec   Data   RO          804    RESET               startup_stm32f10x_md.o
    0x080000ec   0x080000ec   0x00000008   Code   RO          949  * !!!main             c_w.l(__main.o)
    0x080000f4   0x080000f4   0x00000034   Code   RO         1373    !!!scatter          c_w.l(__scatter.o)
    0x08000128   0x08000128   0x0000001a   Code   RO         1375    !!handler_copy      c_w.l(__scatter_copy.o)
    0x08000142   0x08000142   0x00000002   PAD
    0x08000144   0x08000144   0x0000001c   Code   RO         1377    !!handler_zi        c_w.l(__scatter_zi.o)
    0x08000160   0x08000160   0x00000000   Code   RO          942    .ARM.Collect$$_printf_percent$$00000000  c_w.l(_printf_percent.o)
    0x08000160   0x08000160   0x00000006   Code   RO          941    .ARM.Collect$$_printf_percent$$00000003  c_w.l(_printf_f.o)
    0x08000166   0x08000166   0x00000004   Code   RO         1084    .ARM.Collect$$_printf_percent$$00000017  c_w.l(_printf_percent_end.o)
    0x0800016a   0x0800016a   0x00000002   Code   RO         1304    .ARM.Collect$$libinit$$00000000  c_w.l(libinit.o)
    0x0800016c   0x0800016c   0x00000000   Code   RO         1090    .ARM.Collect$$libinit$$00000002  c_w.l(libinit2.o)
    0x0800016c   0x0800016c   0x00000000   Code   RO         1092    .ARM.Collect$$libinit$$00000004  c_w.l(libinit2.o)
    0x0800016c   0x0800016c   0x00000008   Code   RO         1093    .ARM.Collect$$libinit$$00000005  c_w.l(libinit2.o)
    0x08000174   0x08000174   0x00000000   Code   RO         1095    .ARM.Collect$$libinit$$0000000A  c_w.l(libinit2.o)
    0x08000174   0x08000174   0x00000000   Code   RO         1097    .ARM.Collect$$libinit$$0000000C  c_w.l(libinit2.o)
    0x08000174   0x08000174   0x00000000   Code   RO         1099    .ARM.Collect$$libinit$$0000000E  c_w.l(libinit2.o)
    0x08000174   0x08000174   0x00000006   Code   RO         1100    .ARM.Collect$$libinit$$0000000F  c_w.l(libinit2.o)
    0x0800017a   0x0800017a   0x00000000   Code   RO         1102    .ARM.Collect$$libinit$$00000011  c_w.l(libinit2.o)
    0x0800017a   0x0800017a   0x0000000c   Code   RO         1103    .ARM.Collect$$libinit$$00000012  c_w.l(libinit2.o)
    0x08000186   0x08000186   0x00000000   Code   RO         1104    .ARM.Collect$$libinit$$00000013  c_w.l(libinit2.o)
    0x08000186   0x08000186   0x00000000   Code   RO         1106    .ARM.Collect$$libinit$$00000015  c_w.l(libinit2.o)
    0x08000186   0x08000186   0x0000000a   Code   RO         1107    .ARM.Collect$$libinit$$00000016  c_w.l(libinit2.o)
    0x08000190   0x08000190   0x00000000   Code   RO         1108    .ARM.Collect$$libinit$$00000017  c_w.l(libinit2.o)
    0x08000190   0x08000190   0x00000000   Code   RO         1110    .ARM.Collect$$libinit$$00000019  c_w.l(libinit2.o)
    0x08000190   0x08000190   0x00000000   Code   RO         1112    .ARM.Collect$$libinit$$0000001B  c_w.l(libinit2.o)
    0x08000190   0x08000190   0x00000000   Code   RO         1114    .ARM.Collect$$libinit$$0000001D  c_w.l(libinit2.o)
    0x08000190   0x08000190   0x00000000   Code   RO         1116    .ARM.Collect$$libinit$$0000001F  c_w.l(libinit2.o)
    0x08000190   0x08000190   0x00000000   Code   RO         1118    .ARM.Collect$$libinit$$00000021  c_w.l(libinit2.o)
    0x08000190   0x08000190   0x00000000   Code   RO         1120    .ARM.Collect$$libinit$$00000023  c_w.l(libinit2.o)
    0x08000190   0x08000190   0x00000000   Code   RO         1122    .ARM.Collect$$libinit$$00000025  c_w.l(libinit2.o)
    0x08000190   0x08000190   0x00000000   Code   RO         1126    .ARM.Collect$$libinit$$0000002C  c_w.l(libinit2.o)
    0x08000190   0x08000190   0x00000000   Code   RO         1128    .ARM.Collect$$libinit$$0000002E  c_w.l(libinit2.o)
    0x08000190   0x08000190   0x00000000   Code   RO         1130    .ARM.Collect$$libinit$$00000030  c_w.l(libinit2.o)
    0x08000190   0x08000190   0x00000000   Code   RO         1132    .ARM.Collect$$libinit$$00000032  c_w.l(libinit2.o)
    0x08000190   0x08000190   0x00000002   Code   RO         1133    .ARM.Collect$$libinit$$00000033  c_w.l(libinit2.o)
    0x08000192   0x08000192   0x00000002   Code   RO         1370    .ARM.Collect$$libshutdown$$00000000  c_w.l(libshutdown.o)
    0x08000194   0x08000194   0x00000000   Code   RO         1322    .ARM.Collect$$libshutdown$$00000002  c_w.l(libshutdown2.o)
    0x08000194   0x08000194   0x00000000   Code   RO         1324    .ARM.Collect$$libshutdown$$00000004  c_w.l(libshutdown2.o)
    0x08000194   0x08000194   0x00000000   Code   RO         1326    .ARM.Collect$$libshutdown$$00000006  c_w.l(libshutdown2.o)
    0x08000194   0x08000194   0x00000000   Code   RO         1329    .ARM.Collect$$libshutdown$$00000009  c_w.l(libshutdown2.o)
    0x08000194   0x08000194   0x00000000   Code   RO         1332    .ARM.Collect$$libshutdown$$0000000C  c_w.l(libshutdown2.o)
    0x08000194   0x08000194   0x00000000   Code   RO         1334    .ARM.Collect$$libshutdown$$0000000E  c_w.l(libshutdown2.o)
    0x08000194   0x08000194   0x00000000   Code   RO         1337    .ARM.Collect$$libshutdown$$00000011  c_w.l(libshutdown2.o)
    0x08000194   0x08000194   0x00000002   Code   RO         1338    .ARM.Collect$$libshutdown$$00000012  c_w.l(libshutdown2.o)
    0x08000196   0x08000196   0x00000000   Code   RO         1035    .ARM.Collect$$rtentry$$00000000  c_w.l(__rtentry.o)
    0x08000196   0x08000196   0x00000000   Code   RO         1181    .ARM.Collect$$rtentry$$00000002  c_w.l(__rtentry2.o)
    0x08000196   0x08000196   0x00000006   Code   RO         1193    .ARM.Collect$$rtentry$$00000004  c_w.l(__rtentry4.o)
    0x0800019c   0x0800019c   0x00000000   Code   RO         1183    .ARM.Collect$$rtentry$$00000009  c_w.l(__rtentry2.o)
    0x0800019c   0x0800019c   0x00000004   Code   RO         1184    .ARM.Collect$$rtentry$$0000000A  c_w.l(__rtentry2.o)
    0x080001a0   0x080001a0   0x00000000   Code   RO         1186    .ARM.Collect$$rtentry$$0000000C  c_w.l(__rtentry2.o)
    0x080001a0   0x080001a0   0x00000008   Code   RO         1187    .ARM.Collect$$rtentry$$0000000D  c_w.l(__rtentry2.o)
    0x080001a8   0x080001a8   0x00000002   Code   RO         1309    .ARM.Collect$$rtexit$$00000000  c_w.l(rtexit.o)
    0x080001aa   0x080001aa   0x00000000   Code   RO         1344    .ARM.Collect$$rtexit$$00000002  c_w.l(rtexit2.o)
    0x080001aa   0x080001aa   0x00000004   Code   RO         1345    .ARM.Collect$$rtexit$$00000003  c_w.l(rtexit2.o)
    0x080001ae   0x080001ae   0x00000006   Code   RO         1346    .ARM.Collect$$rtexit$$00000004  c_w.l(rtexit2.o)
    0x080001b4   0x080001b4   0x00000000   Code   RO         1206    .emb_text           c_w.l(maybetermalloc1.o)
    0x080001b4   0x080001b4   0x00000040   Code   RO          805  * .text               startup_stm32f10x_md.o
    0x080001f4   0x080001f4   0x0000005e   Code   RO          859    .text               c_w.l(h1_alloc.o)
    0x08000252   0x08000252   0x000000ee   Code   RO          913    .text               c_w.l(lludivv7m.o)
    0x08000340   0x08000340   0x00000028   Code   RO          917    .text               c_w.l(noretval__2sprintf.o)
    0x08000368   0x08000368   0x00000068   Code   RO          919    .text               c_w.l(__printf.o)
    0x080003d0   0x080003d0   0x0000001a   Code   RO          943    .text               c_w.l(atoi.o)
    0x080003ea   0x080003ea   0x00000064   Code   RO          945    .text               c_w.l(rt_memcpy_w.o)
    0x0800044e   0x0800044e   0x00000006   Code   RO          947    .text               c_w.l(heapauxi.o)
    0x08000454   0x08000454   0x00000008   Code   RO         1043    .text               c_w.l(rt_heap_descriptor_intlibspace.o)
    0x0800045c   0x0800045c   0x00000008   Code   RO         1048    .text               c_w.l(rt_errno_addr_intlibspace.o)
    0x08000464   0x08000464   0x00000004   Code   RO         1050    .text               c_w.l(hguard.o)
    0x08000468   0x08000468   0x0000008a   Code   RO         1052    .text               c_w.l(init_alloc.o)
    0x080004f2   0x080004f2   0x0000000e   Code   RO         1058    .text               c_w.l(h1_init.o)
    0x08000500   0x08000500   0x0000004e   Code   RO         1060    .text               c_w.l(h1_free.o)
    0x0800054e   0x0800054e   0x00000016   Code   RO         1076    .text               c_w.l(_rserrno.o)
    0x08000564   0x08000564   0x0000041e   Code   RO         1078    .text               c_w.l(_printf_fp_dec.o)
    0x08000982   0x08000982   0x00000002   PAD
    0x08000984   0x08000984   0x00000030   Code   RO         1080    .text               c_w.l(_printf_char_common.o)
    0x080009b4   0x080009b4   0x0000000a   Code   RO         1082    .text               c_w.l(_sputc.o)
    0x080009be   0x080009be   0x00000070   Code   RO         1085    .text               c_w.l(strtol.o)
    0x08000a2e   0x08000a2e   0x00000002   PAD
    0x08000a30   0x08000a30   0x00000008   Code   RO         1177    .text               c_w.l(libspace.o)
    0x08000a38   0x08000a38   0x00000010   Code   RO         1195    .text               c_w.l(rt_ctype_table.o)
    0x08000a48   0x08000a48   0x00000008   Code   RO         1202    .text               c_w.l(rt_locale_intlibspace.o)
    0x08000a50   0x08000a50   0x00000034   Code   RO         1208    .text               c_w.l(h1_extend.o)
    0x08000a84   0x08000a84   0x0000008a   Code   RO         1212    .text               c_w.l(lludiv10.o)
    0x08000b0e   0x08000b0e   0x00000002   PAD
    0x08000b10   0x08000b10   0x00000080   Code   RO         1214    .text               c_w.l(_printf_fp_infnan.o)
    0x08000b90   0x08000b90   0x0000009e   Code   RO         1218    .text               c_w.l(_strtoul.o)
    0x08000c2e   0x08000c2e   0x00000002   PAD
    0x08000c30   0x08000c30   0x000000e4   Code   RO         1220    .text               c_w.l(bigflt0.o)
    0x08000d14   0x08000d14   0x0000000e   Code   RO         1248    .text               c_w.l(defsig_rtmem_outer.o)
    0x08000d22   0x08000d22   0x00000002   Code   RO         1269    .text               c_w.l(use_no_semi.o)
    0x08000d24   0x08000d24   0x00000000   Code   RO         1271    .text               c_w.l(indicate_semi.o)
    0x08000d24   0x08000d24   0x0000004a   Code   RO         1272    .text               c_w.l(sys_stackheap_outer.o)
    0x08000d6e   0x08000d6e   0x0000001c   Code   RO         1278    .text               c_w.l(_chval.o)
    0x08000d8a   0x08000d8a   0x00000012   Code   RO         1283    .text               c_w.l(exit.o)
    0x08000d9c   0x08000d9c   0x0000000a   Code   RO         1285    .text               c_w.l(defsig_exit.o)
    0x08000da6   0x08000da6   0x00000002   PAD
    0x08000da8   0x08000da8   0x00000050   Code   RO         1291    .text               c_w.l(defsig_rtmem_inner.o)
    0x08000df8   0x08000df8   0x00000080   Code   RO         1293    .text               c_w.l(strcmpv7m.o)
    0x08000e78   0x08000e78   0x0000000c   Code   RO         1307    .text               c_w.l(sys_exit.o)
    0x08000e84   0x08000e84   0x00000032   Code   RO         1317    .text               c_w.l(defsig_general.o)
    0x08000eb6   0x08000eb6   0x0000000e   Code   RO         1341    .text               c_w.l(sys_wrch.o)
    0x08000ec4   0x08000ec4   0x0000003e   Code   RO         1223    CL$$btod_d2e        c_w.l(btod.o)
    0x08000f02   0x08000f02   0x00000046   Code   RO         1225    CL$$btod_d2e_denorm_low  c_w.l(btod.o)
    0x08000f48   0x08000f48   0x00000060   Code   RO         1224    CL$$btod_d2e_norm_op1  c_w.l(btod.o)
    0x08000fa8   0x08000fa8   0x00000338   Code   RO         1233    CL$$btod_div_common  c_w.l(btod.o)
    0x080012e0   0x080012e0   0x000000dc   Code   RO         1230    CL$$btod_e2e        c_w.l(btod.o)
    0x080013bc   0x080013bc   0x0000002a   Code   RO         1227    CL$$btod_ediv       c_w.l(btod.o)
    0x080013e6   0x080013e6   0x0000002a   Code   RO         1226    CL$$btod_emul       c_w.l(btod.o)
    0x08001410   0x08001410   0x00000244   Code   RO         1232    CL$$btod_mult_common  c_w.l(btod.o)
    0x08001654   0x08001654   0x00000002   Code   RO          619    i.DMA1_Channel1_Event  dma_stm32f10x.o
    0x08001656   0x08001656   0x00000002   PAD
    0x08001658   0x08001658   0x0000001c   Code   RO          620    i.DMA1_Channel1_IRQHandler  dma_stm32f10x.o
    0x08001674   0x08001674   0x00000002   Code   RO          621    i.DMA1_Channel2_Event  dma_stm32f10x.o
    0x08001676   0x08001676   0x00000002   PAD
    0x08001678   0x08001678   0x0000001c   Code   RO          622    i.DMA1_Channel2_IRQHandler  dma_stm32f10x.o
    0x08001694   0x08001694   0x00000002   Code   RO          623    i.DMA1_Channel3_Event  dma_stm32f10x.o
    0x08001696   0x08001696   0x00000002   PAD
    0x08001698   0x08001698   0x0000001c   Code   RO          624    i.DMA1_Channel3_IRQHandler  dma_stm32f10x.o
    0x080016b4   0x080016b4   0x00000002   Code   RO          625    i.DMA1_Channel4_Event  dma_stm32f10x.o
    0x080016b6   0x080016b6   0x00000002   PAD
    0x080016b8   0x080016b8   0x0000001c   Code   RO          626    i.DMA1_Channel4_IRQHandler  dma_stm32f10x.o
    0x080016d4   0x080016d4   0x00000002   Code   RO          627    i.DMA1_Channel5_Event  dma_stm32f10x.o
    0x080016d6   0x080016d6   0x00000002   PAD
    0x080016d8   0x080016d8   0x0000001c   Code   RO          628    i.DMA1_Channel5_IRQHandler  dma_stm32f10x.o
    0x080016f4   0x080016f4   0x00000002   Code   RO          629    i.DMA1_Channel6_Event  dma_stm32f10x.o
    0x080016f6   0x080016f6   0x00000002   PAD
    0x080016f8   0x080016f8   0x0000001c   Code   RO          630    i.DMA1_Channel6_IRQHandler  dma_stm32f10x.o
    0x08001714   0x08001714   0x00000002   Code   RO          631    i.DMA1_Channel7_Event  dma_stm32f10x.o
    0x08001716   0x08001716   0x00000002   PAD
    0x08001718   0x08001718   0x0000001c   Code   RO          632    i.DMA1_Channel7_IRQHandler  dma_stm32f10x.o
    0x08001734   0x08001734   0x00000008   Code   RO          812    i.SetSysClock       system_stm32f10x.o
    0x0800173c   0x0800173c   0x000000e0   Code   RO          813    i.SetSysClockTo72   system_stm32f10x.o
    0x0800181c   0x0800181c   0x00000060   Code   RO          815    i.SystemInit        system_stm32f10x.o
    0x0800187c   0x0800187c   0x00000028   Code   RO         1265    i.__ARM_fpclassify  m_ws.l(fpclassify.o)
    0x080018a4   0x080018a4   0x00000388   Code   RO         1164    i.__ieee754_rem_pio2  m_ws.l(rred.o)
    0x08001c2c   0x08001c2c   0x000000fc   Code   RO         1147    i.__kernel_cos      m_ws.l(cos_i.o)
    0x08001d28   0x08001d28   0x000000aa   Code   RO         1267    i.__kernel_poly     m_ws.l(poly.o)
    0x08001dd2   0x08001dd2   0x00000002   PAD
    0x08001dd4   0x08001dd4   0x000000ec   Code   RO         1169    i.__kernel_sin      m_ws.l(sin_i.o)
    0x08001ec0   0x08001ec0   0x00000006   Code   RO         1151    i.__mathlib_dbl_infnan  m_ws.l(dunder.o)
    0x08001ec6   0x08001ec6   0x0000000c   Code   RO         1153    i.__mathlib_dbl_invalid  m_ws.l(dunder.o)
    0x08001ed2   0x08001ed2   0x00000002   PAD
    0x08001ed4   0x08001ed4   0x00000010   Code   RO         1156    i.__mathlib_dbl_underflow  m_ws.l(dunder.o)
    0x08001ee4   0x08001ee4   0x0000003c   Code   RO          150    i.add_random_32     time_opps.o
    0x08001f20   0x08001f20   0x00000034   Code   RO          151    i.add_random_32_AVG  time_opps.o
    0x08001f54   0x08001f54   0x0000003e   Code   RO          152    i.add_random_64     time_opps.o
    0x08001f92   0x08001f92   0x00000002   PAD
    0x08001f94   0x08001f94   0x00000034   Code   RO          153    i.add_random_64_AVG  time_opps.o
    0x08001fc8   0x08001fc8   0x00000028   Code   RO          352    i.carriage_return_CLI  cli.o
    0x08001ff0   0x08001ff0   0x00000016   Code   RO            5    i.clear_buffers     app.o
    0x08002006   0x08002006   0x00000002   PAD
    0x08002008   0x08002008   0x00000038   Code   RO          156    i.copy_128bytes     time_opps.o
    0x08002040   0x08002040   0x00000034   Code   RO          157    i.copy_128bytes_AVG  time_opps.o
    0x08002074   0x08002074   0x0000002c   Code   RO          158    i.copy_8bytes       time_opps.o
    0x080020a0   0x080020a0   0x00000034   Code   RO          159    i.copy_8bytes_AVG   time_opps.o
    0x080020d4   0x080020d4   0x0000009c   Code   RO         1010    i.cos               m_ws.l(cos.o)
    0x08002170   0x08002170   0x0000006c   Code   RO          353    i.date_and_time_CLI  cli.o
    0x080021dc   0x080021dc   0x00000012   Code   RO            6    i.delay             app.o
    0x080021ee   0x080021ee   0x00000012   Code   RO            7    i.delete_character  app.o
    0x08002200   0x08002200   0x00000048   Code   RO          160    i.div_random_32     time_opps.o
    0x08002248   0x08002248   0x00000034   Code   RO          161    i.div_random_32_AVG  time_opps.o
    0x0800227c   0x0800227c   0x00000052   Code   RO          162    i.div_random_64     time_opps.o
    0x080022ce   0x080022ce   0x00000002   PAD
    0x080022d0   0x080022d0   0x00000034   Code   RO          163    i.div_random_64_AVG  time_opps.o
    0x08002304   0x08002304   0x000000ac   Code   RO          164    i.get_random_64bit_number  time_opps.o
    0x080023b0   0x080023b0   0x000001d8   Code   RO          354    i.help_CLI          cli.o
    0x08002588   0x08002588   0x00000048   Code   RO          355    i.init_message_CLI  cli.o
    0x080025d0   0x080025d0   0x000000ec   Code   RO          103    i.main              main.o
    0x080026bc   0x080026bc   0x0000003c   Code   RO          165    i.mult_random_32    time_opps.o
    0x080026f8   0x080026f8   0x00000034   Code   RO          166    i.mult_random_32_AVG  time_opps.o
    0x0800272c   0x0800272c   0x00000048   Code   RO          167    i.mult_random_64    time_opps.o
    0x08002774   0x08002774   0x00000034   Code   RO          168    i.mult_random_64_AVG  time_opps.o
    0x080027a8   0x080027a8   0x0000001c   Code   RO          430    i.open_LED          drivers.o
    0x080027c4   0x080027c4   0x00000094   Code   RO          431    i.open_USART        drivers.o
    0x08002858   0x08002858   0x00000014   Code   RO          433    i.open_portA        drivers.o
    0x0800286c   0x0800286c   0x000000fa   Code   RO          356    i.parser_CLI        cli.o
    0x08002966   0x08002966   0x00000014   Code   RO            8    i.read_character    app.o
    0x0800297a   0x0800297a   0x00000002   PAD
    0x0800297c   0x0800297c   0x00000090   Code   RO          434    i.reset_USART       drivers.o
    0x08002a0c   0x08002a0c   0x0000000c   Code   RO          435    i.rx_USART          drivers.o
    0x08002a18   0x08002a18   0x00000018   Code   RO          436    i.rx_ready_USART    drivers.o
    0x08002a30   0x08002a30   0x000004ac   Code   RO          286    i.seg_cos           time_trig_ops.o
    0x08002edc   0x08002edc   0x000004b4   Code   RO          287    i.seg_sin           time_trig_ops.o
    0x08003390   0x08003390   0x00000040   Code   RO          288    i.segcos_AVG        time_trig_ops.o
    0x080033d0   0x080033d0   0x00000040   Code   RO          289    i.segsin_AVG        time_trig_ops.o
    0x08003410   0x08003410   0x0000001c   Code   RO            9    i.send_message      app.o
    0x0800342c   0x0800342c   0x00000048   Code   RO          357    i.send_time         cli.o
    0x08003474   0x08003474   0x000000a0   Code   RO         1018    i.sin               m_ws.l(sin.o)
    0x08003514   0x08003514   0x0000004c   Code   RO         1026    i.sqrt              m_ws.l(sqrt.o)
    0x08003560   0x08003560   0x00000036   Code   RO          290    i.standard_cos      time_trig_ops.o
    0x08003596   0x08003596   0x00000002   PAD
    0x08003598   0x08003598   0x00000060   Code   RO          291    i.standard_cos_AVG  time_trig_ops.o
    0x080035f8   0x080035f8   0x00000036   Code   RO          292    i.standard_sin      time_trig_ops.o
    0x0800362e   0x0800362e   0x00000002   PAD
    0x08003630   0x08003630   0x00000060   Code   RO          293    i.standard_sin_AVG  time_trig_ops.o
    0x08003690   0x08003690   0x00000014   Code   RO          437    i.start_LED         drivers.o
    0x080036a4   0x080036a4   0x00000094   Code   RO          586    i.start_PWM         pwm.o
    0x08003738   0x08003738   0x00000014   Code   RO          439    i.stop_LED          drivers.o
    0x0800374c   0x0800374c   0x00000294   Code   RO          358    i.timer_CLI         cli.o
    0x080039e0   0x080039e0   0x00000028   Code   RO          541    i.timer_init        timer_impl.o
    0x08003a08   0x08003a08   0x0000000a   Code   RO          543    i.timer_start       timer_impl.o
    0x08003a12   0x08003a12   0x00000020   Code   RO          544    i.timer_stop        timer_impl.o
    0x08003a32   0x08003a32   0x00000002   PAD
    0x08003a34   0x08003a34   0x0000001c   Code   RO          441    i.tx_USART          drivers.o
    0x08003a50   0x08003a50   0x00000010   Code   RO          442    i.tx_ready_USART    drivers.o
    0x08003a60   0x08003a60   0x00000020   Code   RO          587    i.write_dutycycle_PWM  pwm.o
    0x08003a80   0x08003a80   0x0000002c   Code   RO         1246    locale$$code        c_w.l(lc_numeric_c.o)
    0x08003aac   0x08003aac   0x0000002c   Code   RO         1281    locale$$code        c_w.l(lc_ctype_c.o)
    0x08003ad8   0x08003ad8   0x00000062   Code   RO          951    x$fpl$d2f           fz_ws.l(d2f.o)
    0x08003b3a   0x08003b3a   0x00000002   PAD
    0x08003b3c   0x08003b3c   0x00000150   Code   RO          953    x$fpl$dadd          fz_ws.l(daddsub_clz.o)
    0x08003c8c   0x08003c8c   0x00000010   Code   RO         1305    x$fpl$dcheck1       fz_ws.l(dcheck1.o)
    0x08003c9c   0x08003c9c   0x000002b0   Code   RO          960    x$fpl$ddiv          fz_ws.l(ddiv.o)
    0x08003f4c   0x08003f4c   0x0000005e   Code   RO          963    x$fpl$dfix          fz_ws.l(dfix.o)
    0x08003faa   0x08003faa   0x0000002e   Code   RO          968    x$fpl$dflt          fz_ws.l(dflt_clz.o)
    0x08003fd8   0x08003fd8   0x00000026   Code   RO          967    x$fpl$dfltu         fz_ws.l(dflt_clz.o)
    0x08003ffe   0x08003ffe   0x00000002   PAD
    0x08004000   0x08004000   0x0000008a   Code   RO          974    x$fpl$dfltull       fz_ws.l(dfltll_clz.o)
    0x0800408a   0x0800408a   0x00000002   PAD
    0x0800408c   0x0800408c   0x00000154   Code   RO          977    x$fpl$dmul          fz_ws.l(dmul.o)
    0x080041e0   0x080041e0   0x0000009c   Code   RO         1136    x$fpl$dnaninf       fz_ws.l(dnaninf.o)
    0x0800427c   0x0800427c   0x0000000c   Code   RO         1138    x$fpl$dretinf       fz_ws.l(dretinf.o)
    0x08004288   0x08004288   0x00000016   Code   RO          954    x$fpl$drsb          fz_ws.l(daddsub_clz.o)
    0x0800429e   0x0800429e   0x00000002   PAD
    0x080042a0   0x080042a0   0x000001cc   Code   RO         1140    x$fpl$dsqrt         fz_ws.l(dsqrt_noumaal.o)
    0x0800446c   0x0800446c   0x000001d4   Code   RO          955    x$fpl$dsub          fz_ws.l(daddsub_clz.o)
    0x08004640   0x08004640   0x00000056   Code   RO          979    x$fpl$f2d           fz_ws.l(f2d.o)
    0x08004696   0x08004696   0x00000002   PAD
    0x08004698   0x08004698   0x000000c4   Code   RO          981    x$fpl$fadd          fz_ws.l(faddsub_clz.o)
    0x0800475c   0x0800475c   0x00000184   Code   RO          988    x$fpl$fdiv          fz_ws.l(fdiv.o)
    0x080048e0   0x080048e0   0x00000036   Code   RO          991    x$fpl$ffix          fz_ws.l(ffix.o)
    0x08004916   0x08004916   0x00000002   PAD
    0x08004918   0x08004918   0x0000003e   Code   RO          995    x$fpl$ffixu         fz_ws.l(ffixu.o)
    0x08004956   0x08004956   0x00000002   PAD
    0x08004958   0x08004958   0x00000030   Code   RO         1000    x$fpl$fflt          fz_ws.l(fflt_clz.o)
    0x08004988   0x08004988   0x00000026   Code   RO          999    x$fpl$ffltu         fz_ws.l(fflt_clz.o)
    0x080049ae   0x080049ae   0x00000002   PAD
    0x080049b0   0x080049b0   0x00000102   Code   RO         1005    x$fpl$fmul          fz_ws.l(fmul.o)
    0x08004ab2   0x08004ab2   0x0000008c   Code   RO         1142    x$fpl$fnaninf       fz_ws.l(fnaninf.o)
    0x08004b3e   0x08004b3e   0x0000000a   Code   RO         1144    x$fpl$fretinf       fz_ws.l(fretinf.o)
    0x08004b48   0x08004b48   0x000000ea   Code   RO          983    x$fpl$fsub          fz_ws.l(faddsub_clz.o)
    0x08004c32   0x08004c32   0x00000004   Code   RO         1007    x$fpl$printf1       fz_ws.l(printf1.o)
    0x08004c36   0x08004c36   0x00000064   Code   RO         1339    x$fpl$retnan        fz_ws.l(retnan.o)
    0x08004c9a   0x08004c9a   0x0000005c   Code   RO         1263    x$fpl$scalbn        fz_ws.l(scalbn.o)
    0x08004cf6   0x08004cf6   0x00000030   Code   RO         1352    x$fpl$trapveneer    fz_ws.l(trapv.o)
    0x08004d26   0x08004d26   0x00000000   Code   RO         1146    x$fpl$usenofp       fz_ws.l(usenofp.o)
    0x08004d26   0x08004d26   0x00000002   PAD
    0x08004d28   0x08004d28   0x00000088   Data   RO          169    .constdata          time_opps.o
    0x08004db0   0x08004db0   0x00000030   Data   RO         1148    .constdata          m_ws.l(cos_i.o)
    0x08004de0   0x08004de0   0x000000c8   Data   RO         1166    .constdata          m_ws.l(rred.o)
    0x08004ea8   0x08004ea8   0x00000028   Data   RO         1170    .constdata          m_ws.l(sin_i.o)
    0x08004ed0   0x08004ed0   0x00000094   Data   RO         1221    .constdata          c_w.l(bigflt0.o)
    0x08004f64   0x08004f64   0x00000020   Data   RO         1371    Region$$Table       anon$$obj.o
    0x08004f84   0x08004f84   0x0000001c   Data   RO         1245    locale$$data        c_w.l(lc_numeric_c.o)
    0x08004fa0   0x08004fa0   0x00000110   Data   RO         1280    locale$$data        c_w.l(lc_ctype_c.o)


    Execution Region ER_RW (Exec base: 0x20000000, Load base: 0x080050b0, Size: 0x00000004, Max: 0xffffffff, ABSOLUTE)

    Exec Addr    Load Addr    Size         Type   Attr      Idx    E Section Name        Object

    0x20000000   0x080050b0   0x00000002   Data   RW          104    .data               main.o


    Execution Region ER_ZI (Exec base: 0x20000004, Load base: 0x080050b4, Size: 0x00000664, Max: 0xffffffff, ABSOLUTE)

    Exec Addr    Load Addr    Size         Type   Attr      Idx    E Section Name        Object

    0x20000004        -       0x00000060   Zero   RW         1178    .bss                c_w.l(libspace.o)
    0x20000064   0x080050b4   0x00000004   PAD
    0x20000068        -       0x00000200   Zero   RW          803    HEAP                startup_stm32f10x_md.o
    0x20000268        -       0x00000400   Zero   RW          802    STACK               startup_stm32f10x_md.o


==============================================================================

Image component sizes


      Code (inc. data)   RO Data    RW Data    ZI Data      Debug   Object Name

       106          0          0          0          0       7903   app.o
      1674        586          0          0          0       5885   cli.o
       210         30          0          0          0       7763   dma_stm32f10x.o
       460         68          0          0          0       5098   drivers.o
       236         16          0          2          0       1584   main.o
       180         18          0          0          0        962   pwm.o
        64         26        236          0       1536        840   startup_stm32f10x_md.o
       328         28          0          0          0       2205   system_stm32f10x.o
      1096         56        136          0          0      11138   time_opps.o
      2828        144          0          0          0       5822   time_trig_ops.o
        82          4          0          0          0       1464   timer_impl.o

    ----------------------------------------------------------------------
      7292        976        404          4       1536      50664   Object Totals
         0          0         32          0          0          0   (incl. Generated)
        28          0          0          2          0          0   (incl. Padding)

    ----------------------------------------------------------------------

      Code (inc. data)   RO Data    RW Data    ZI Data      Debug   Library Member Name

         8          0          0          0          0         68   __main.o
       104          0          0          0          0         84   __printf.o
         0          0          0          0          0          0   __rtentry.o
        12          0          0          0          0          0   __rtentry2.o
         6          0          0          0          0          0   __rtentry4.o
        52          8          0          0          0          0   __scatter.o
        26          0          0          0          0          0   __scatter_copy.o
        28          0          0          0          0          0   __scatter_zi.o
        28          0          0          0          0         68   _chval.o
        48          6          0          0          0         96   _printf_char_common.o
         6          0          0          0          0          0   _printf_f.o
      1054          0          0          0          0        216   _printf_fp_dec.o
       128         16          0          0          0         84   _printf_fp_infnan.o
         0          0          0          0          0          0   _printf_percent.o
         4          0          0          0          0          0   _printf_percent_end.o
        22          0          0          0          0        100   _rserrno.o
        10          0          0          0          0         68   _sputc.o
       158          0          0          0          0         92   _strtoul.o
        26          0          0          0          0         80   atoi.o
       228          4        148          0          0         96   bigflt0.o
      1936        128          0          0          0        672   btod.o
        10          0          0          0          0         68   defsig_exit.o
        50          0          0          0          0         88   defsig_general.o
        80         58          0          0          0         76   defsig_rtmem_inner.o
        14          0          0          0          0         80   defsig_rtmem_outer.o
        18          0          0          0          0         80   exit.o
        94          0          0          0          0         80   h1_alloc.o
        52          0          0          0          0         68   h1_extend.o
        78          0          0          0          0         80   h1_free.o
        14          0          0          0          0         84   h1_init.o
         6          0          0          0          0        152   heapauxi.o
         4          0          0          0          0        136   hguard.o
         0          0          0          0          0          0   indicate_semi.o
       138          0          0          0          0        168   init_alloc.o
        44         10        272          0          0         76   lc_ctype_c.o
        44         10         28          0          0         76   lc_numeric_c.o
         2          0          0          0          0          0   libinit.o
        38          0          0          0          0          0   libinit2.o
         2          0          0          0          0          0   libshutdown.o
         2          0          0          0          0          0   libshutdown2.o
         8          4          0          0         96         68   libspace.o
       138          0          0          0          0         80   lludiv10.o
       238          0          0          0          0        100   lludivv7m.o
         0          0          0          0          0          0   maybetermalloc1.o
        40          6          0          0          0         84   noretval__2sprintf.o
        16          4          0          0          0         76   rt_ctype_table.o
         8          4          0          0          0         68   rt_errno_addr_intlibspace.o
         8          4          0          0          0         68   rt_heap_descriptor_intlibspace.o
         8          4          0          0          0         68   rt_locale_intlibspace.o
       100          0          0          0          0         80   rt_memcpy_w.o
         2          0          0          0          0          0   rtexit.o
        10          0          0          0          0          0   rtexit2.o
       128          0          0          0          0         68   strcmpv7m.o
       112          0          0          0          0         88   strtol.o
        12          4          0          0          0         68   sys_exit.o
        74          0          0          0          0         80   sys_stackheap_outer.o
        14          0          0          0          0         76   sys_wrch.o
         2          0          0          0          0         68   use_no_semi.o
        98          4          0          0          0         92   d2f.o
       826         16          0          0          0        348   daddsub_clz.o
        16          4          0          0          0         68   dcheck1.o
       688        140          0          0          0        208   ddiv.o
        94          4          0          0          0         92   dfix.o
        84          0          0          0          0        136   dflt_clz.o
       138          0          0          0          0         84   dfltll_clz.o
       340         12          0          0          0        104   dmul.o
       156          4          0          0          0         92   dnaninf.o
        12          0          0          0          0         68   dretinf.o
       460         56          0          0          0        120   dsqrt_noumaal.o
        86          4          0          0          0         84   f2d.o
       430          8          0          0          0        168   faddsub_clz.o
       388         76          0          0          0         96   fdiv.o
        54          4          0          0          0         84   ffix.o
        62          4          0          0          0         84   ffixu.o
        86          0          0          0          0        136   fflt_clz.o
       258          4          0          0          0         84   fmul.o
       140          4          0          0          0         84   fnaninf.o
        10          0          0          0          0         68   fretinf.o
         4          0          0          0          0         68   printf1.o
       100          0          0          0          0         68   retnan.o
        92          0          0          0          0         68   scalbn.o
        48          0          0          0          0         68   trapv.o
         0          0          0          0          0          0   usenofp.o
       156          8          0          0          0        104   cos.o
       252         22         48          0          0        124   cos_i.o
        34          6          0          0          0        204   dunder.o
        40          0          0          0          0         68   fpclassify.o
       170          0          0          0          0         96   poly.o
       904         76        200          0          0        140   rred.o
       160         10          0          0          0        108   sin.o
       236         12         40          0          0        128   sin_i.o
        76          0          0          0          0         84   sqrt.o

    ----------------------------------------------------------------------
     12224        748        736          0        100       7804   Library Totals
        34          0          0          0          4          0   (incl. Padding)

    ----------------------------------------------------------------------

      Code (inc. data)   RO Data    RW Data    ZI Data      Debug   Library Name

      5492        270        448          0         96       4176   c_w.l
      4670        344          0          0          0       2572   fz_ws.l
      2028        134        288          0          0       1056   m_ws.l

    ----------------------------------------------------------------------
     12224        748        736          0        100       7804   Library Totals

    ----------------------------------------------------------------------

==============================================================================


      Code (inc. data)   RO Data    RW Data    ZI Data      Debug   

     19516       1724       1140          4       1636      50560   Grand Totals
     19516       1724       1140          4       1636      50560   ELF Image Totals
     19516       1724       1140          4          0          0   ROM Totals

==============================================================================

    Total RO  Size (Code + RO Data)                20656 (  20.17kB)
    Total RW  Size (RW Data + ZI Data)              1640 (   1.60kB)
    Total ROM Size (Code + RO Data + RW Data)      20660 (  20.18kB)

==============================================================================

